2024-04-29T19:51:13.401259+00:00 ubuntu2404 systemd-modules-load[393]: Inserted module 'lp'
2024-04-29T19:51:13.402026+00:00 ubuntu2404 systemd-modules-load[393]: Inserted module 'ppdev'
2024-04-29T19:51:13.402043+00:00 ubuntu2404 systemd-modules-load[393]: Inserted module 'parport_pc'
2024-04-29T19:51:13.402049+00:00 ubuntu2404 systemd-modules-load[393]: Inserted module 'msr'
2024-04-29T19:51:13.402054+00:00 ubuntu2404 systemd-sysusers[411]: Creating group 'gamemode' with GID 987.
2024-04-29T19:51:13.402058+00:00 ubuntu2404 systemd-sysusers[411]: Creating group 'gnome-initial-setup' with GID 986.
2024-04-29T19:51:13.402063+00:00 ubuntu2404 systemd-sysusers[411]: Creating group 'gnome-remote-desktop' with GID 985.
2024-04-29T19:51:13.402068+00:00 ubuntu2404 systemd-sysusers[411]: Creating user 'gnome-remote-desktop' (GNOME Remote Desktop) with UID 985 and GID 985.
2024-04-29T19:51:13.402077+00:00 ubuntu2404 lvm[375]:   1 logical volume(s) in volume group "ubuntu-vg" monitored
2024-04-29T19:51:13.402081+00:00 ubuntu2404 systemd[1]: Mounted snap-bare-5.mount - Mount unit for bare, revision 5.
2024-04-29T19:51:13.402086+00:00 ubuntu2404 systemd[1]: Mounted snap-core22-1380.mount - Mount unit for core22, revision 1380.
2024-04-29T19:51:13.402090+00:00 ubuntu2404 systemd[1]: Mounted snap-firefox-4173.mount - Mount unit for firefox, revision 4173.
2024-04-29T19:51:13.402094+00:00 ubuntu2404 systemd[1]: Mounted snap-firmware\x2dupdater-127.mount - Mount unit for firmware-updater, revision 127.
2024-04-29T19:51:13.402098+00:00 ubuntu2404 systemd[1]: Mounted snap-gnome\x2d42\x2d2204-176.mount - Mount unit for gnome-42-2204, revision 176.
2024-04-29T19:51:13.402106+00:00 ubuntu2404 systemd[1]: Mounted snap-gtk\x2dcommon\x2dthemes-1535.mount - Mount unit for gtk-common-themes, revision 1535.
2024-04-29T19:51:13.402110+00:00 ubuntu2404 systemd[1]: Mounted snap-snap\x2dstore-1124.mount - Mount unit for snap-store, revision 1124.
2024-04-29T19:51:13.402114+00:00 ubuntu2404 systemd[1]: Mounted snap-snapd-21465.mount - Mount unit for snapd, revision 21465.
2024-04-29T19:51:13.402118+00:00 ubuntu2404 systemd[1]: Mounted snap-snapd\x2ddesktop\x2dintegration-157.mount - Mount unit for snapd-desktop-integration, revision 157.
2024-04-29T19:51:13.402122+00:00 ubuntu2404 systemd-udevd[424]: Using default interface naming scheme 'v255'.
2024-04-29T19:51:13.402130+00:00 ubuntu2404 systemd[1]: Reached target snapd.mounts.target - Mounted snaps.
2024-04-29T19:51:13.402134+00:00 ubuntu2404 systemd[1]: Starting systemd-journal-flush.service - Flush Journal to Persistent Storage...
2024-04-29T19:51:13.402138+00:00 ubuntu2404 systemd[1]: Started systemd-udevd.service - Rule-based Manager for Device Events and Files.
2024-04-29T19:51:13.402142+00:00 ubuntu2404 systemd[1]: Finished systemd-journal-flush.service - Flush Journal to Persistent Storage.
2024-04-29T19:51:13.402146+00:00 ubuntu2404 systemd[1]: Finished systemd-udev-trigger.service - Coldplug All udev Devices.
2024-04-29T19:51:13.402151+00:00 ubuntu2404 systemd[1]: Starting plymouth-start.service - Show Plymouth Boot Screen...
2024-04-29T19:51:13.402158+00:00 ubuntu2404 systemd[1]: Started plymouth-start.service - Show Plymouth Boot Screen.
2024-04-29T19:51:13.402163+00:00 ubuntu2404 systemd[1]: systemd-ask-password-console.path - Dispatch Password Requests to Console Directory Watch was skipped because of an unmet condition check (ConditionPathExists=!/run/plymouth/pid).
2024-04-29T19:51:13.402168+00:00 ubuntu2404 systemd[1]: Started systemd-ask-password-plymouth.path - Forward Password Requests to Plymouth Directory Watch.
2024-04-29T19:51:13.402173+00:00 ubuntu2404 systemd[1]: Reached target cryptsetup.target - Local Encrypted Volumes.
2024-04-29T19:51:13.402177+00:00 ubuntu2404 (udev-worker)[464]: dm-0: Process '/usr/bin/unshare -m /usr/bin/snap auto-import --mount=/dev/dm-0' failed with exit code 1.
2024-04-29T19:51:13.402189+00:00 ubuntu2404 (udev-worker)[475]: sda: Process '/usr/bin/unshare -m /usr/bin/snap auto-import --mount=/dev/sda' failed with exit code 1.
2024-04-29T19:51:13.402194+00:00 ubuntu2404 cloud-init[501]: Cloud-init v. 24.1.3-0ubuntu3 running 'init-local' at Mon, 29 Apr 2024 19:51:05 +0000. Up 5.37 seconds.
2024-04-29T19:51:13.402202+00:00 ubuntu2404 (udev-worker)[468]: sr0: Process '/usr/bin/unshare -m /usr/bin/snap auto-import --mount=/dev/sr0' failed with exit code 1.
2024-04-29T19:51:13.402208+00:00 ubuntu2404 mtp-probe: checking bus 2, device 2: "/sys/devices/pci0000:00/0000:00:11.0/0000:02:00.0/usb2/2-1"
2024-04-29T19:51:13.402213+00:00 ubuntu2404 mtp-probe: bus: 2, device: 2 was not an MTP device
2024-04-29T19:51:13.402217+00:00 ubuntu2404 (udev-worker)[475]: sda1: Process '/usr/bin/unshare -m /usr/bin/snap auto-import --mount=/dev/sda1' failed with exit code 1.
2024-04-29T19:51:13.402225+00:00 ubuntu2404 (udev-worker)[473]: sda2: Process '/usr/bin/unshare -m /usr/bin/snap auto-import --mount=/dev/sda2' failed with exit code 1.
2024-04-29T19:51:13.402230+00:00 ubuntu2404 systemd[1]: Found device dev-disk-by\x2duuid-866281d5\x2dee8d\x2d4103\x2d8998\x2db48a611e20e1.device - VMware_Virtual_S 2.
2024-04-29T19:51:13.402234+00:00 ubuntu2404 systemd[1]: Starting systemd-fsck@dev-disk-by\x2duuid-866281d5\x2dee8d\x2d4103\x2d8998\x2db48a611e20e1.service - File System Check on /dev/disk/by-uuid/866281d5-ee8d-4103-8998-b48a611e20e1...
2024-04-29T19:51:13.402239+00:00 ubuntu2404 lvm[515]: PV /dev/sda3 online, VG ubuntu-vg is complete.
2024-04-29T19:51:13.402244+00:00 ubuntu2404 lvm[515]: VG ubuntu-vg finished
2024-04-29T19:51:13.402252+00:00 ubuntu2404 systemd[1]: Started systemd-fsckd.service - File System Check Daemon to report status.
2024-04-29T19:51:13.402256+00:00 ubuntu2404 systemd-fsck[523]: /dev/sda2: clean, 325/131072 files, 51222/524288 blocks
2024-04-29T19:51:13.402262+00:00 ubuntu2404 systemd[1]: Finished systemd-fsck@dev-disk-by\x2duuid-866281d5\x2dee8d\x2d4103\x2d8998\x2db48a611e20e1.service - File System Check on /dev/disk/by-uuid/866281d5-ee8d-4103-8998-b48a611e20e1.
2024-04-29T19:51:13.402267+00:00 ubuntu2404 systemd[1]: Mounting boot.mount - /boot...
2024-04-29T19:51:13.402271+00:00 ubuntu2404 (udev-worker)[467]: sda3: Process '/usr/bin/unshare -m /usr/bin/snap auto-import --mount=/dev/sda3' failed with exit code 1.
2024-04-29T19:51:13.402276+00:00 ubuntu2404 systemd[1]: Mounted boot.mount - /boot.
2024-04-29T19:51:13.402283+00:00 ubuntu2404 systemd[1]: Reached target local-fs.target - Local File Systems.
2024-04-29T19:51:13.403340+00:00 ubuntu2404 systemd[1]: Listening on systemd-sysext.socket - System Extension Image Management (Varlink).
2024-04-29T19:51:13.403347+00:00 ubuntu2404 systemd[1]: Starting apparmor.service - Load AppArmor profiles...
2024-04-29T19:51:13.403351+00:00 ubuntu2404 systemd[1]: Starting console-setup.service - Set console font and keymap...
2024-04-29T19:51:13.403355+00:00 ubuntu2404 systemd[1]: Starting ldconfig.service - Rebuild Dynamic Linker Cache...
2024-04-29T19:51:13.403359+00:00 ubuntu2404 systemd[1]: Starting plymouth-read-write.service - Tell Plymouth To Write Out Runtime Data...
2024-04-29T19:51:13.403364+00:00 ubuntu2404 systemd[1]: Starting systemd-binfmt.service - Set Up Additional Binary Formats...
2024-04-29T19:51:13.403368+00:00 ubuntu2404 apparmor.systemd[530]: Restarting AppArmor
2024-04-29T19:51:13.403372+00:00 ubuntu2404 systemd[1]: Starting systemd-tmpfiles-setup.service - Create Volatile Files and Directories...
2024-04-29T19:51:13.403377+00:00 ubuntu2404 apparmor.systemd[530]: Reloading AppArmor profiles
2024-04-29T19:51:13.403381+00:00 ubuntu2404 systemd[1]: Starting ufw.service - Uncomplicated firewall...
2024-04-29T19:51:13.403385+00:00 ubuntu2404 systemd[1]: Finished console-setup.service - Set console font and keymap.
2024-04-29T19:51:13.403389+00:00 ubuntu2404 systemd[1]: Finished ldconfig.service - Rebuild Dynamic Linker Cache.
2024-04-29T19:51:13.403393+00:00 ubuntu2404 systemd[1]: Finished plymouth-read-write.service - Tell Plymouth To Write Out Runtime Data.
2024-04-29T19:51:13.403397+00:00 ubuntu2404 systemd[1]: Finished ufw.service - Uncomplicated firewall.
2024-04-29T19:51:13.403401+00:00 ubuntu2404 systemd[1]: Received SIGRTMIN+20 from PID 298 (plymouthd).
2024-04-29T19:51:13.403406+00:00 ubuntu2404 systemd[1]: proc-sys-fs-binfmt_misc.automount: Got automount request for /proc/sys/fs/binfmt_misc, triggered by 535 (systemd-binfmt)
2024-04-29T19:51:13.403410+00:00 ubuntu2404 systemd[1]: Mounting proc-sys-fs-binfmt_misc.mount - Arbitrary Executable File Formats File System...
2024-04-29T19:51:13.403414+00:00 ubuntu2404 systemd[1]: Finished systemd-tmpfiles-setup.service - Create Volatile Files and Directories.
2024-04-29T19:51:13.403418+00:00 ubuntu2404 systemd[1]: systemd-firstboot.service - First Boot Wizard was skipped because of an unmet condition check (ConditionFirstBoot=yes).
2024-04-29T19:51:13.403422+00:00 ubuntu2404 systemd[1]: first-boot-complete.target - First Boot Complete was skipped because of an unmet condition check (ConditionFirstBoot=yes).
2024-04-29T19:51:13.403426+00:00 ubuntu2404 systemd[1]: Starting systemd-journal-catalog-update.service - Rebuild Journal Catalog...
2024-04-29T19:51:13.403430+00:00 ubuntu2404 systemd[1]: systemd-machine-id-commit.service - Commit a transient machine-id on disk was skipped because of an unmet condition check (ConditionPathIsMountPoint=/etc/machine-id).
2024-04-29T19:51:13.403434+00:00 ubuntu2404 systemd[1]: Starting systemd-oomd.service - Userspace Out-Of-Memory (OOM) Killer...
2024-04-29T19:51:13.403438+00:00 ubuntu2404 systemd[1]: Starting systemd-resolved.service - Network Name Resolution...
2024-04-29T19:51:13.403442+00:00 ubuntu2404 systemd[1]: Starting systemd-timesyncd.service - Network Time Synchronization...
2024-04-29T19:51:13.403446+00:00 ubuntu2404 systemd[1]: Starting systemd-update-utmp.service - Record System Boot/Shutdown in UTMP...
2024-04-29T19:51:13.403450+00:00 ubuntu2404 systemd[1]: Mounted proc-sys-fs-binfmt_misc.mount - Arbitrary Executable File Formats File System.
2024-04-29T19:51:13.403454+00:00 ubuntu2404 systemd[1]: Finished systemd-journal-catalog-update.service - Rebuild Journal Catalog.
2024-04-29T19:51:13.403458+00:00 ubuntu2404 systemd[1]: Finished systemd-binfmt.service - Set Up Additional Binary Formats.
2024-04-29T19:51:13.403462+00:00 ubuntu2404 systemd[1]: Starting systemd-update-done.service - Update is Completed...
2024-04-29T19:51:13.403466+00:00 ubuntu2404 systemd[1]: Finished systemd-update-utmp.service - Record System Boot/Shutdown in UTMP.
2024-04-29T19:51:13.403470+00:00 ubuntu2404 systemd[1]: Finished systemd-update-done.service - Update is Completed.
2024-04-29T19:51:13.403474+00:00 ubuntu2404 systemd[1]: netplan-ovs-cleanup.service - OpenVSwitch configuration for cleanup was skipped because of an unmet condition check (ConditionFileIsExecutable=/usr/bin/ovs-vsctl).
2024-04-29T19:51:13.403478+00:00 ubuntu2404 systemd[1]: Reloading requested from client PID 633 ('systemctl') (unit cloud-init-local.service)...
2024-04-29T19:51:13.403482+00:00 ubuntu2404 systemd[1]: Reloading...
2024-04-29T19:51:13.403487+00:00 ubuntu2404 systemd-resolved[581]: Positive Trust Anchors:
2024-04-29T19:51:13.403492+00:00 ubuntu2404 systemd-resolved[581]: . IN DS 20326 8 2 e06d44b80b8f1d39a95c0b0d7c65d08458e880409bbc683457104237c7f8ec8d
2024-04-29T19:51:13.403496+00:00 ubuntu2404 systemd-resolved[581]: Negative trust anchors: home.arpa 10.in-addr.arpa 16.172.in-addr.arpa 17.172.in-addr.arpa 18.172.in-addr.arpa 19.172.in-addr.arpa 20.172.in-addr.arpa 21.172.in-addr.arpa 22.172.in-addr.arpa 23.172.in-addr.arpa 24.172.in-addr.arpa 25.172.in-addr.arpa 26.172.in-addr.arpa 27.172.in-addr.arpa 28.172.in-addr.arpa 29.172.in-addr.arpa 30.172.in-addr.arpa 31.172.in-addr.arpa 170.0.0.192.in-addr.arpa 171.0.0.192.in-addr.arpa 168.192.in-addr.arpa d.f.ip6.arpa ipv4only.arpa corp home internal intranet lan local private test
2024-04-29T19:51:13.403509+00:00 ubuntu2404 systemd-resolved[581]: Using system hostname 'ubuntu2404'.
2024-04-29T19:51:13.403514+00:00 ubuntu2404 systemd[1]: Reloading finished in 644 ms.
2024-04-29T19:51:13.403518+00:00 ubuntu2404 systemd[1]: Started systemd-timesyncd.service - Network Time Synchronization.
2024-04-29T19:51:13.403522+00:00 ubuntu2404 systemd[1]: Started systemd-oomd.service - Userspace Out-Of-Memory (OOM) Killer.
2024-04-29T19:51:13.403526+00:00 ubuntu2404 systemd[1]: Started systemd-resolved.service - Network Name Resolution.
2024-04-29T19:51:13.403529+00:00 ubuntu2404 systemd[1]: Reached target nss-lookup.target - Host and Network Name Lookups.
2024-04-29T19:51:13.403538+00:00 ubuntu2404 systemd[1]: Reached target time-set.target - System Time Set.
2024-04-29T19:51:13.403542+00:00 ubuntu2404 systemd[1]: Finished cloud-init-local.service - Initial cloud-init job (pre-networking).
2024-04-29T19:51:13.403546+00:00 ubuntu2404 systemd[1]: Reached target network-pre.target - Preparation for Network.
2024-04-29T19:51:13.403550+00:00 ubuntu2404 apparmor.systemd[753]: Warning: found usr.sbin.sssd in /etc/apparmor.d/force-complain, forcing complain mode
2024-04-29T19:51:13.403554+00:00 ubuntu2404 apparmor.systemd[753]: Warning from /etc/apparmor.d (/etc/apparmor.d/usr.sbin.sssd line 63): Caching disabled for: 'usr.sbin.sssd' due to force complain
2024-04-29T19:51:13.403560+00:00 ubuntu2404 systemd[1]: Listening on systemd-rfkill.socket - Load/Save RF Kill Switch Status /dev/rfkill Watch.
2024-04-29T19:51:13.403569+00:00 ubuntu2404 (udev-worker)[720]: id: Truncating stdout of 'dmi_memory_id' up to 16384 byte.
2024-04-29T19:51:13.403573+00:00 ubuntu2404 (udev-worker)[733]: controlC0: Process '/usr/sbin/alsactl -E HOME=/run/alsa -E XDG_RUNTIME_DIR=/run/alsa/runtime restore 0' failed with exit code 2.
2024-04-29T19:51:13.403578+00:00 ubuntu2404 systemd[1]: systemd-ask-password-console.path - Dispatch Password Requests to Console Directory Watch was skipped because of an unmet condition check (ConditionPathExists=!/run/plymouth/pid).
2024-04-29T19:51:13.403582+00:00 ubuntu2404 systemd[1]: Starting modprobe@dm_mod.service - Load Kernel Module dm_mod...
2024-04-29T19:51:13.403586+00:00 ubuntu2404 systemd[1]: Starting modprobe@efi_pstore.service - Load Kernel Module efi_pstore...
2024-04-29T19:51:13.403590+00:00 ubuntu2404 systemd[1]: Starting modprobe@loop.service - Load Kernel Module loop...
2024-04-29T19:51:13.403594+00:00 ubuntu2404 systemd[1]: systemd-firstboot.service - First Boot Wizard was skipped because of an unmet condition check (ConditionFirstBoot=yes).
2024-04-29T19:51:13.403604+00:00 ubuntu2404 systemd[1]: first-boot-complete.target - First Boot Complete was skipped because of an unmet condition check (ConditionFirstBoot=yes).
2024-04-29T19:51:13.403608+00:00 ubuntu2404 systemd[1]: systemd-hwdb-update.service - Rebuild Hardware Database was skipped because of an unmet condition check (ConditionNeedsUpdate=/etc).
2024-04-29T19:51:13.403612+00:00 ubuntu2404 systemd[1]: systemd-machine-id-commit.service - Commit a transient machine-id on disk was skipped because of an unmet condition check (ConditionPathIsMountPoint=/etc/machine-id).
2024-04-29T19:51:13.403616+00:00 ubuntu2404 systemd[1]: systemd-pcrmachine.service - TPM2 PCR Machine ID Measurement was skipped because of an unmet condition check (ConditionSecurity=measured-uki).
2024-04-29T19:51:13.403620+00:00 ubuntu2404 systemd[1]: systemd-tpm2-setup-early.service - TPM2 SRK Setup (Early) was skipped because of an unmet condition check (ConditionSecurity=measured-uki).
2024-04-29T19:51:13.403628+00:00 ubuntu2404 systemd[1]: systemd-tpm2-setup.service - TPM2 SRK Setup was skipped because of an unmet condition check (ConditionSecurity=measured-uki).
2024-04-29T19:51:13.403632+00:00 ubuntu2404 systemd[1]: modprobe@dm_mod.service: Deactivated successfully.
2024-04-29T19:51:13.403637+00:00 ubuntu2404 systemd[1]: Finished modprobe@dm_mod.service - Load Kernel Module dm_mod.
2024-04-29T19:51:13.403640+00:00 ubuntu2404 systemd[1]: modprobe@loop.service: Deactivated successfully.
2024-04-29T19:51:13.403644+00:00 ubuntu2404 systemd[1]: Finished modprobe@loop.service - Load Kernel Module loop.
2024-04-29T19:51:13.403648+00:00 ubuntu2404 systemd[1]: modprobe@efi_pstore.service: Deactivated successfully.
2024-04-29T19:51:13.403657+00:00 ubuntu2404 systemd[1]: Finished modprobe@efi_pstore.service - Load Kernel Module efi_pstore.
2024-04-29T19:51:13.403661+00:00 ubuntu2404 systemd[1]: systemd-pstore.service - Platform Persistent Storage Archival was skipped because of an unmet condition check (ConditionDirectoryNotEmpty=/sys/fs/pstore).
2024-04-29T19:51:13.403666+00:00 ubuntu2404 systemd[1]: systemd-repart.service - Repartition Root Disk was skipped because no trigger condition checks were met.
2024-04-29T19:51:13.403670+00:00 ubuntu2404 systemd[1]: Finished apparmor.service - Load AppArmor profiles.
2024-04-29T19:51:13.403673+00:00 ubuntu2404 systemd[1]: Starting snapd.apparmor.service - Load AppArmor profiles managed internally by snapd...
2024-04-29T19:51:13.403689+00:00 ubuntu2404 snapd-apparmor[970]: main.go:125: Loading profiles [/var/lib/snapd/apparmor/profiles/snap-confine.snapd.21465 /var/lib/snapd/apparmor/profiles/snap-update-ns.firefox /var/lib/snapd/apparmor/profiles/snap-update-ns.firmware-updater /var/lib/snapd/apparmor/profiles/snap-update-ns.snap-store /var/lib/snapd/apparmor/profiles/snap-update-ns.snapd-desktop-integration /var/lib/snapd/apparmor/profiles/snap.firefox.firefox /var/lib/snapd/apparmor/profiles/snap.firefox.geckodriver /var/lib/snapd/apparmor/profiles/snap.firefox.hook.configure /var/lib/snapd/apparmor/profiles/snap.firefox.hook.connect-plug-host-hunspell /var/lib/snapd/apparmor/profiles/snap.firefox.hook.disconnect-plug-host-hunspell /var/lib/snapd/apparmor/profiles/snap.firefox.hook.post-refresh /var/lib/snapd/apparmor/profiles/snap.firmware-updater.firmware-notifier /var/lib/snapd/apparmor/profiles/snap.firmware-updater.firmware-updater /var/lib/snapd/apparmor/profiles/snap.firmware-updater.firmware-updater-app /var/lib/snapd/apparmor/profiles/snap.firmware-updater.hook.configure /var/lib/snapd/apparmor/profiles/snap.snap-store.hook.configure /var/lib/snapd/apparmor/profiles/snap.snap-store.snap-store /var/lib/snapd/apparmor/profiles/snap.snapd-desktop-integration.hook.configure /var/lib/snapd/apparmor/profiles/snap.snapd-desktop-integration.snapd-desktop-integration]
2024-04-29T19:51:13.403695+00:00 ubuntu2404 systemd[1]: Finished snapd.apparmor.service - Load AppArmor profiles managed internally by snapd.
2024-04-29T19:51:13.403699+00:00 ubuntu2404 systemd[1]: Reached target sysinit.target - System Initialization.
2024-04-29T19:51:13.403704+00:00 ubuntu2404 systemd[1]: apport-autoreport.path - Process error reports when automatic reporting is enabled (file watch) was skipped because of an unmet condition check (ConditionPathExists=/var/lib/apport/autoreport).
2024-04-29T19:51:13.403713+00:00 ubuntu2404 systemd[1]: Started cups.path - CUPS Scheduler.
2024-04-29T19:51:13.403717+00:00 ubuntu2404 systemd[1]: tpm-udev.path - Handle dynamically added tpm devices was skipped because of an unmet condition check (ConditionVirtualization=container).
2024-04-29T19:51:13.403721+00:00 ubuntu2404 systemd[1]: Started whoopsie.path - Start whoopsie on modification of the /var/crash directory.
2024-04-29T19:51:13.403725+00:00 ubuntu2404 systemd[1]: Started anacron.timer - Trigger anacron every hour.
2024-04-29T19:51:13.403729+00:00 ubuntu2404 systemd[1]: apport-autoreport.timer - Process error reports when automatic reporting is enabled (timer based) was skipped because of an unmet condition check (ConditionPathExists=/var/lib/apport/autoreport).
2024-04-29T19:51:13.403733+00:00 ubuntu2404 systemd[1]: Started apt-daily.timer - Daily apt download activities.
2024-04-29T19:51:13.403741+00:00 ubuntu2404 systemd[1]: Started apt-daily-upgrade.timer - Daily apt upgrade and clean activities.
2024-04-29T19:51:13.403746+00:00 ubuntu2404 systemd[1]: Started dpkg-db-backup.timer - Daily dpkg database backup timer.
2024-04-29T19:51:13.403749+00:00 ubuntu2404 systemd[1]: Started e2scrub_all.timer - Periodic ext4 Online Metadata Check for All Filesystems.
2024-04-29T19:51:13.403753+00:00 ubuntu2404 systemd[1]: Started fstrim.timer - Discard unused filesystem blocks once a week.
2024-04-29T19:51:13.403757+00:00 ubuntu2404 systemd[1]: Started fwupd-refresh.timer - Refresh fwupd metadata regularly.
2024-04-29T19:51:13.403761+00:00 ubuntu2404 systemd[1]: Started logrotate.timer - Daily rotation of log files.
2024-04-29T19:51:13.403769+00:00 ubuntu2404 systemd[1]: Started man-db.timer - Daily man-db regeneration.
2024-04-29T19:51:13.403773+00:00 ubuntu2404 systemd[1]: Started motd-news.timer - Message of the Day.
2024-04-29T19:51:13.403777+00:00 ubuntu2404 systemd[1]: snapd.snap-repair.timer - Timer to automatically fetch and run repair assertions was skipped because no trigger condition checks were met.
2024-04-29T19:51:13.403782+00:00 ubuntu2404 systemd[1]: Started sysstat-collect.timer - Run system activity accounting tool every 10 minutes.
2024-04-29T19:51:13.404964+00:00 ubuntu2404 kernel: Linux version 6.8.0-31-generic (buildd@lcy02-amd64-080) (x86_64-linux-gnu-gcc-13 (Ubuntu 13.2.0-23ubuntu4) 13.2.0, GNU ld (GNU Binutils for Ubuntu) 2.42) #31-Ubuntu SMP PREEMPT_DYNAMIC Sat Apr 20 00:40:06 UTC 2024 (Ubuntu 6.8.0-31.31-generic 6.8.1)
2024-04-29T19:51:13.404972+00:00 ubuntu2404 kernel: Command line: BOOT_IMAGE=/vmlinuz-6.8.0-31-generic root=/dev/mapper/ubuntu--vg-ubuntu--lv ro quiet splash
2024-04-29T19:51:13.404973+00:00 ubuntu2404 kernel: KERNEL supported cpus:
2024-04-29T19:51:13.404973+00:00 ubuntu2404 kernel:   Intel GenuineIntel
2024-04-29T19:51:13.404974+00:00 ubuntu2404 kernel:   AMD AuthenticAMD
2024-04-29T19:51:13.404974+00:00 ubuntu2404 kernel:   Hygon HygonGenuine
2024-04-29T19:51:13.404975+00:00 ubuntu2404 kernel:   Centaur CentaurHauls
2024-04-29T19:51:13.404980+00:00 ubuntu2404 kernel:   zhaoxin   Shanghai  
2024-04-29T19:51:13.404981+00:00 ubuntu2404 kernel: BIOS-provided physical RAM map:
2024-04-29T19:51:13.404981+00:00 ubuntu2404 kernel: BIOS-e820: [mem 0x0000000000000000-0x000000000009e7ff] usable
2024-04-29T19:51:13.404982+00:00 ubuntu2404 kernel: BIOS-e820: [mem 0x000000000009e800-0x000000000009ffff] reserved
2024-04-29T19:51:13.404982+00:00 ubuntu2404 kernel: BIOS-e820: [mem 0x00000000000dc000-0x00000000000fffff] reserved
2024-04-29T19:51:13.404983+00:00 ubuntu2404 kernel: BIOS-e820: [mem 0x0000000000100000-0x00000000bfecffff] usable
2024-04-29T19:51:13.404985+00:00 ubuntu2404 kernel: BIOS-e820: [mem 0x00000000bfed0000-0x00000000bfefefff] ACPI data
2024-04-29T19:51:13.404986+00:00 ubuntu2404 kernel: BIOS-e820: [mem 0x00000000bfeff000-0x00000000bfefffff] ACPI NVS
2024-04-29T19:51:13.404986+00:00 ubuntu2404 kernel: BIOS-e820: [mem 0x00000000bff00000-0x00000000bfffffff] usable
2024-04-29T19:51:13.404986+00:00 ubuntu2404 kernel: BIOS-e820: [mem 0x00000000f0000000-0x00000000f7ffffff] reserved
2024-04-29T19:51:13.404987+00:00 ubuntu2404 kernel: BIOS-e820: [mem 0x00000000fec00000-0x00000000fec0ffff] reserved
2024-04-29T19:51:13.404987+00:00 ubuntu2404 kernel: BIOS-e820: [mem 0x00000000fee00000-0x00000000fee00fff] reserved
2024-04-29T19:51:13.404988+00:00 ubuntu2404 kernel: BIOS-e820: [mem 0x00000000fffe0000-0x00000000ffffffff] reserved
2024-04-29T19:51:13.404990+00:00 ubuntu2404 kernel: BIOS-e820: [mem 0x0000000100000000-0x000000013fffffff] usable
2024-04-29T19:51:13.404991+00:00 ubuntu2404 kernel: NX (Execute Disable) protection: active
2024-04-29T19:51:13.404991+00:00 ubuntu2404 kernel: APIC: Static calls initialized
2024-04-29T19:51:13.404991+00:00 ubuntu2404 kernel: SMBIOS 2.7 present.
2024-04-29T19:51:13.404992+00:00 ubuntu2404 kernel: DMI: VMware, Inc. VMware Virtual Platform/440BX Desktop Reference Platform, BIOS 6.00 11/12/2020
2024-04-29T19:51:13.404992+00:00 ubuntu2404 kernel: vmware: hypercall mode: 0x01
2024-04-29T19:51:13.404995+00:00 ubuntu2404 kernel: Hypervisor detected: VMware
2024-04-29T19:51:13.404995+00:00 ubuntu2404 kernel: vmware: TSC freq read from hypervisor : 3593.251 MHz
2024-04-29T19:51:13.404996+00:00 ubuntu2404 kernel: vmware: Host bus clock speed read from hypervisor : 66000000 Hz
2024-04-29T19:51:13.404996+00:00 ubuntu2404 kernel: vmware: using clock offset of 3638077545 ns
2024-04-29T19:51:13.404996+00:00 ubuntu2404 kernel: tsc: Detected 3593.251 MHz processor
2024-04-29T19:51:13.404997+00:00 ubuntu2404 kernel: e820: update [mem 0x00000000-0x00000fff] usable ==> reserved
2024-04-29T19:51:13.404997+00:00 ubuntu2404 kernel: e820: remove [mem 0x000a0000-0x000fffff] usable
2024-04-29T19:51:13.405000+00:00 ubuntu2404 kernel: last_pfn = 0x140000 max_arch_pfn = 0x400000000
2024-04-29T19:51:13.405000+00:00 ubuntu2404 kernel: total RAM covered: 130048M
2024-04-29T19:51:13.405001+00:00 ubuntu2404 kernel: Found optimal setting for mtrr clean up
2024-04-29T19:51:13.405001+00:00 ubuntu2404 kernel:  gran_size: 64K 	chunk_size: 64K 	num_reg: 7  	lose cover RAM: 0G
2024-04-29T19:51:13.405001+00:00 ubuntu2404 kernel: MTRR map: 7 entries (5 fixed + 2 variable; max 21), built from 8 variable MTRRs
2024-04-29T19:51:13.405002+00:00 ubuntu2404 kernel: x86/PAT: Configuration [0-7]: WB  WC  UC- UC  WB  WP  UC- WT  
2024-04-29T19:51:13.405004+00:00 ubuntu2404 kernel: e820: update [mem 0xc0000000-0xffffffff] usable ==> reserved
2024-04-29T19:51:13.405005+00:00 ubuntu2404 kernel: last_pfn = 0xc0000 max_arch_pfn = 0x400000000
2024-04-29T19:51:13.405005+00:00 ubuntu2404 kernel: found SMP MP-table at [mem 0x000f6a70-0x000f6a7f]
2024-04-29T19:51:13.405005+00:00 ubuntu2404 kernel: Using GB pages for direct mapping
2024-04-29T19:51:13.405006+00:00 ubuntu2404 kernel: RAMDISK: [mem 0x2f9ff000-0x33cf6fff]
2024-04-29T19:51:13.405006+00:00 ubuntu2404 kernel: ACPI: Early table checksum verification disabled
2024-04-29T19:51:13.405008+00:00 ubuntu2404 kernel: ACPI: RSDP 0x00000000000F6A00 000024 (v02 PTLTD )
2024-04-29T19:51:13.405009+00:00 ubuntu2404 kernel: ACPI: XSDT 0x00000000BFEDC633 00005C (v01 INTEL  440BX    06040000 VMW  01324272)
2024-04-29T19:51:13.405009+00:00 ubuntu2404 kernel: ACPI: FACP 0x00000000BFEFEE73 0000F4 (v04 INTEL  440BX    06040000 PTL  000F4240)
2024-04-29T19:51:13.405010+00:00 ubuntu2404 kernel: ACPI: DSDT 0x00000000BFEDD9E8 02148B (v01 PTLTD  Custom   06040000 MSFT 03000001)
2024-04-29T19:51:13.405010+00:00 ubuntu2404 kernel: ACPI: FACS 0x00000000BFEFFFC0 000040
2024-04-29T19:51:13.405011+00:00 ubuntu2404 kernel: ACPI: FACS 0x00000000BFEFFFC0 000040
2024-04-29T19:51:13.405013+00:00 ubuntu2404 kernel: ACPI: BOOT 0x00000000BFEDD9C0 000028 (v01 PTLTD  $SBFTBL$ 06040000  LTP 00000001)
2024-04-29T19:51:13.405015+00:00 ubuntu2404 kernel: ACPI: APIC 0x00000000BFEDD27E 000742 (v01 PTLTD  ? APIC   06040000  LTP 00000000)
2024-04-29T19:51:13.405016+00:00 ubuntu2404 kernel: ACPI: MCFG 0x00000000BFEDD242 00003C (v01 PTLTD  $PCITBL$ 06040000  LTP 00000001)
2024-04-29T19:51:13.405016+00:00 ubuntu2404 kernel: ACPI: SRAT 0x00000000BFEDC72F 0008D0 (v02 VMWARE MEMPLUG  06040000 VMW  00000001)
2024-04-29T19:51:13.405017+00:00 ubuntu2404 kernel: ACPI: HPET 0x00000000BFEDC6F7 000038 (v01 VMWARE VMW HPET 06040000 VMW  00000001)
2024-04-29T19:51:13.405017+00:00 ubuntu2404 kernel: ACPI: WAET 0x00000000BFEDC6CF 000028 (v01 VMWARE VMW WAET 06040000 VMW  00000001)
2024-04-29T19:51:13.405018+00:00 ubuntu2404 kernel: ACPI: Reserving FACP table memory at [mem 0xbfefee73-0xbfefef66]
2024-04-29T19:51:13.405020+00:00 ubuntu2404 kernel: ACPI: Reserving DSDT table memory at [mem 0xbfedd9e8-0xbfefee72]
2024-04-29T19:51:13.405021+00:00 ubuntu2404 kernel: ACPI: Reserving FACS table memory at [mem 0xbfefffc0-0xbfefffff]
2024-04-29T19:51:13.405021+00:00 ubuntu2404 kernel: ACPI: Reserving FACS table memory at [mem 0xbfefffc0-0xbfefffff]
2024-04-29T19:51:13.405022+00:00 ubuntu2404 kernel: ACPI: Reserving BOOT table memory at [mem 0xbfedd9c0-0xbfedd9e7]
2024-04-29T19:51:13.405022+00:00 ubuntu2404 kernel: ACPI: Reserving APIC table memory at [mem 0xbfedd27e-0xbfedd9bf]
2024-04-29T19:51:13.405023+00:00 ubuntu2404 kernel: ACPI: Reserving MCFG table memory at [mem 0xbfedd242-0xbfedd27d]
2024-04-29T19:51:13.405025+00:00 ubuntu2404 kernel: ACPI: Reserving SRAT table memory at [mem 0xbfedc72f-0xbfedcffe]
2024-04-29T19:51:13.405026+00:00 ubuntu2404 kernel: ACPI: Reserving HPET table memory at [mem 0xbfedc6f7-0xbfedc72e]
2024-04-29T19:51:13.405026+00:00 ubuntu2404 kernel: ACPI: Reserving WAET table memory at [mem 0xbfedc6cf-0xbfedc6f6]
2024-04-29T19:51:13.405027+00:00 ubuntu2404 kernel: system APIC only can use physical flat
2024-04-29T19:51:13.405027+00:00 ubuntu2404 kernel: APIC: Switched APIC routing to: physical flat
2024-04-29T19:51:13.405028+00:00 ubuntu2404 kernel: SRAT: PXM 0 -> APIC 0x00 -> Node 0
2024-04-29T19:51:13.405028+00:00 ubuntu2404 kernel: SRAT: PXM 0 -> APIC 0x02 -> Node 0
2024-04-29T19:51:13.405031+00:00 ubuntu2404 kernel: SRAT: PXM 0 -> APIC 0x04 -> Node 0
2024-04-29T19:51:13.405031+00:00 ubuntu2404 kernel: SRAT: PXM 0 -> APIC 0x06 -> Node 0
2024-04-29T19:51:13.405032+00:00 ubuntu2404 kernel: SRAT: PXM 0 -> APIC 0x08 -> Node 0
2024-04-29T19:51:13.405032+00:00 ubuntu2404 kernel: SRAT: PXM 0 -> APIC 0x0a -> Node 0
2024-04-29T19:51:13.405032+00:00 ubuntu2404 kernel: SRAT: PXM 0 -> APIC 0x0c -> Node 0
2024-04-29T19:51:13.405033+00:00 ubuntu2404 kernel: SRAT: PXM 0 -> APIC 0x0e -> Node 0
2024-04-29T19:51:13.405035+00:00 ubuntu2404 kernel: SRAT: PXM 0 -> APIC 0x10 -> Node 0
2024-04-29T19:51:13.405036+00:00 ubuntu2404 kernel: SRAT: PXM 0 -> APIC 0x12 -> Node 0
2024-04-29T19:51:13.405036+00:00 ubuntu2404 kernel: SRAT: PXM 0 -> APIC 0x14 -> Node 0
2024-04-29T19:51:13.405037+00:00 ubuntu2404 kernel: SRAT: PXM 0 -> APIC 0x16 -> Node 0
2024-04-29T19:51:13.405037+00:00 ubuntu2404 kernel: SRAT: PXM 0 -> APIC 0x18 -> Node 0
2024-04-29T19:51:13.405038+00:00 ubuntu2404 kernel: SRAT: PXM 0 -> APIC 0x1a -> Node 0
2024-04-29T19:51:13.405040+00:00 ubuntu2404 kernel: SRAT: PXM 0 -> APIC 0x1c -> Node 0
2024-04-29T19:51:13.405041+00:00 ubuntu2404 kernel: SRAT: PXM 0 -> APIC 0x1e -> Node 0
2024-04-29T19:51:13.405041+00:00 ubuntu2404 kernel: SRAT: PXM 0 -> APIC 0x20 -> Node 0
2024-04-29T19:51:13.405041+00:00 ubuntu2404 kernel: SRAT: PXM 0 -> APIC 0x22 -> Node 0
2024-04-29T19:51:13.405042+00:00 ubuntu2404 kernel: SRAT: PXM 0 -> APIC 0x24 -> Node 0
2024-04-29T19:51:13.405042+00:00 ubuntu2404 kernel: SRAT: PXM 0 -> APIC 0x26 -> Node 0
2024-04-29T19:51:13.405042+00:00 ubuntu2404 kernel: SRAT: PXM 0 -> APIC 0x28 -> Node 0
2024-04-29T19:51:13.405045+00:00 ubuntu2404 kernel: SRAT: PXM 0 -> APIC 0x2a -> Node 0
2024-04-29T19:51:13.405046+00:00 ubuntu2404 kernel: SRAT: PXM 0 -> APIC 0x2c -> Node 0
2024-04-29T19:51:13.405046+00:00 ubuntu2404 kernel: SRAT: PXM 0 -> APIC 0x2e -> Node 0
2024-04-29T19:51:13.405046+00:00 ubuntu2404 kernel: SRAT: PXM 0 -> APIC 0x30 -> Node 0
2024-04-29T19:51:13.405047+00:00 ubuntu2404 kernel: SRAT: PXM 0 -> APIC 0x32 -> Node 0
2024-04-29T19:51:13.405047+00:00 ubuntu2404 kernel: SRAT: PXM 0 -> APIC 0x34 -> Node 0
2024-04-29T19:51:13.405050+00:00 ubuntu2404 kernel: SRAT: PXM 0 -> APIC 0x36 -> Node 0
2024-04-29T19:51:13.405050+00:00 ubuntu2404 kernel: SRAT: PXM 0 -> APIC 0x38 -> Node 0
2024-04-29T19:51:13.405051+00:00 ubuntu2404 kernel: SRAT: PXM 0 -> APIC 0x3a -> Node 0
2024-04-29T19:51:13.405051+00:00 ubuntu2404 kernel: SRAT: PXM 0 -> APIC 0x3c -> Node 0
2024-04-29T19:51:13.405051+00:00 ubuntu2404 kernel: SRAT: PXM 0 -> APIC 0x3e -> Node 0
2024-04-29T19:51:13.405052+00:00 ubuntu2404 kernel: SRAT: PXM 0 -> APIC 0x40 -> Node 0
2024-04-29T19:51:13.405052+00:00 ubuntu2404 kernel: SRAT: PXM 0 -> APIC 0x42 -> Node 0
2024-04-29T19:51:13.405057+00:00 ubuntu2404 kernel: SRAT: PXM 0 -> APIC 0x44 -> Node 0
2024-04-29T19:51:13.405058+00:00 ubuntu2404 kernel: SRAT: PXM 0 -> APIC 0x46 -> Node 0
2024-04-29T19:51:13.405058+00:00 ubuntu2404 kernel: SRAT: PXM 0 -> APIC 0x48 -> Node 0
2024-04-29T19:51:13.405059+00:00 ubuntu2404 kernel: SRAT: PXM 0 -> APIC 0x4a -> Node 0
2024-04-29T19:51:13.405059+00:00 ubuntu2404 kernel: SRAT: PXM 0 -> APIC 0x4c -> Node 0
2024-04-29T19:51:13.405059+00:00 ubuntu2404 kernel: SRAT: PXM 0 -> APIC 0x4e -> Node 0
2024-04-29T19:51:13.405062+00:00 ubuntu2404 kernel: SRAT: PXM 0 -> APIC 0x50 -> Node 0
2024-04-29T19:51:13.405063+00:00 ubuntu2404 kernel: SRAT: PXM 0 -> APIC 0x52 -> Node 0
2024-04-29T19:51:13.405063+00:00 ubuntu2404 kernel: SRAT: PXM 0 -> APIC 0x54 -> Node 0
2024-04-29T19:51:13.405064+00:00 ubuntu2404 kernel: SRAT: PXM 0 -> APIC 0x56 -> Node 0
2024-04-29T19:51:13.405064+00:00 ubuntu2404 kernel: SRAT: PXM 0 -> APIC 0x58 -> Node 0
2024-04-29T19:51:13.405064+00:00 ubuntu2404 kernel: SRAT: PXM 0 -> APIC 0x5a -> Node 0
2024-04-29T19:51:13.405067+00:00 ubuntu2404 kernel: SRAT: PXM 0 -> APIC 0x5c -> Node 0
2024-04-29T19:51:13.405067+00:00 ubuntu2404 kernel: SRAT: PXM 0 -> APIC 0x5e -> Node 0
2024-04-29T19:51:13.405068+00:00 ubuntu2404 kernel: SRAT: PXM 0 -> APIC 0x60 -> Node 0
2024-04-29T19:51:13.405068+00:00 ubuntu2404 kernel: SRAT: PXM 0 -> APIC 0x62 -> Node 0
2024-04-29T19:51:13.405068+00:00 ubuntu2404 kernel: SRAT: PXM 0 -> APIC 0x64 -> Node 0
2024-04-29T19:51:13.405069+00:00 ubuntu2404 kernel: SRAT: PXM 0 -> APIC 0x66 -> Node 0
2024-04-29T19:51:13.405069+00:00 ubuntu2404 kernel: SRAT: PXM 0 -> APIC 0x68 -> Node 0
2024-04-29T19:51:13.405176+00:00 ubuntu2404 kernel: SRAT: PXM 0 -> APIC 0x6a -> Node 0
2024-04-29T19:51:13.405177+00:00 ubuntu2404 kernel: SRAT: PXM 0 -> APIC 0x6c -> Node 0
2024-04-29T19:51:13.405178+00:00 ubuntu2404 kernel: SRAT: PXM 0 -> APIC 0x6e -> Node 0
2024-04-29T19:51:13.405178+00:00 ubuntu2404 kernel: SRAT: PXM 0 -> APIC 0x70 -> Node 0
2024-04-29T19:51:13.405178+00:00 ubuntu2404 kernel: SRAT: PXM 0 -> APIC 0x72 -> Node 0
2024-04-29T19:51:13.405179+00:00 ubuntu2404 kernel: SRAT: PXM 0 -> APIC 0x74 -> Node 0
2024-04-29T19:51:13.405181+00:00 ubuntu2404 kernel: SRAT: PXM 0 -> APIC 0x76 -> Node 0
2024-04-29T19:51:13.405182+00:00 ubuntu2404 kernel: SRAT: PXM 0 -> APIC 0x78 -> Node 0
2024-04-29T19:51:13.405182+00:00 ubuntu2404 kernel: SRAT: PXM 0 -> APIC 0x7a -> Node 0
2024-04-29T19:51:13.405183+00:00 ubuntu2404 kernel: SRAT: PXM 0 -> APIC 0x7c -> Node 0
2024-04-29T19:51:13.405183+00:00 ubuntu2404 kernel: SRAT: PXM 0 -> APIC 0x7e -> Node 0
2024-04-29T19:51:13.405183+00:00 ubuntu2404 kernel: SRAT: PXM 0 -> APIC 0x80 -> Node 0
2024-04-29T19:51:13.405184+00:00 ubuntu2404 kernel: SRAT: PXM 0 -> APIC 0x82 -> Node 0
2024-04-29T19:51:13.405186+00:00 ubuntu2404 kernel: SRAT: PXM 0 -> APIC 0x84 -> Node 0
2024-04-29T19:51:13.405187+00:00 ubuntu2404 kernel: SRAT: PXM 0 -> APIC 0x86 -> Node 0
2024-04-29T19:51:13.405187+00:00 ubuntu2404 kernel: SRAT: PXM 0 -> APIC 0x88 -> Node 0
2024-04-29T19:51:13.405188+00:00 ubuntu2404 kernel: SRAT: PXM 0 -> APIC 0x8a -> Node 0
2024-04-29T19:51:13.405188+00:00 ubuntu2404 kernel: SRAT: PXM 0 -> APIC 0x8c -> Node 0
2024-04-29T19:51:13.405188+00:00 ubuntu2404 kernel: SRAT: PXM 0 -> APIC 0x8e -> Node 0
2024-04-29T19:51:13.405191+00:00 ubuntu2404 kernel: SRAT: PXM 0 -> APIC 0x90 -> Node 0
2024-04-29T19:51:13.405192+00:00 ubuntu2404 kernel: SRAT: PXM 0 -> APIC 0x92 -> Node 0
2024-04-29T19:51:13.405192+00:00 ubuntu2404 kernel: SRAT: PXM 0 -> APIC 0x94 -> Node 0
2024-04-29T19:51:13.405192+00:00 ubuntu2404 kernel: SRAT: PXM 0 -> APIC 0x96 -> Node 0
2024-04-29T19:51:13.405193+00:00 ubuntu2404 kernel: SRAT: PXM 0 -> APIC 0x98 -> Node 0
2024-04-29T19:51:13.405193+00:00 ubuntu2404 kernel: SRAT: PXM 0 -> APIC 0x9a -> Node 0
2024-04-29T19:51:13.405196+00:00 ubuntu2404 kernel: SRAT: PXM 0 -> APIC 0x9c -> Node 0
2024-04-29T19:51:13.405196+00:00 ubuntu2404 kernel: SRAT: PXM 0 -> APIC 0x9e -> Node 0
2024-04-29T19:51:13.405197+00:00 ubuntu2404 kernel: SRAT: PXM 0 -> APIC 0xa0 -> Node 0
2024-04-29T19:51:13.405197+00:00 ubuntu2404 kernel: SRAT: PXM 0 -> APIC 0xa2 -> Node 0
2024-04-29T19:51:13.405197+00:00 ubuntu2404 kernel: SRAT: PXM 0 -> APIC 0xa4 -> Node 0
2024-04-29T19:51:13.405198+00:00 ubuntu2404 kernel: SRAT: PXM 0 -> APIC 0xa6 -> Node 0
2024-04-29T19:51:13.405198+00:00 ubuntu2404 kernel: SRAT: PXM 0 -> APIC 0xa8 -> Node 0
2024-04-29T19:51:13.405201+00:00 ubuntu2404 kernel: SRAT: PXM 0 -> APIC 0xaa -> Node 0
2024-04-29T19:51:13.405201+00:00 ubuntu2404 kernel: SRAT: PXM 0 -> APIC 0xac -> Node 0
2024-04-29T19:51:13.405202+00:00 ubuntu2404 kernel: SRAT: PXM 0 -> APIC 0xae -> Node 0
2024-04-29T19:51:13.405202+00:00 ubuntu2404 kernel: SRAT: PXM 0 -> APIC 0xb0 -> Node 0
2024-04-29T19:51:13.405202+00:00 ubuntu2404 kernel: SRAT: PXM 0 -> APIC 0xb2 -> Node 0
2024-04-29T19:51:13.405203+00:00 ubuntu2404 kernel: SRAT: PXM 0 -> APIC 0xb4 -> Node 0
2024-04-29T19:51:13.405205+00:00 ubuntu2404 kernel: SRAT: PXM 0 -> APIC 0xb6 -> Node 0
2024-04-29T19:51:13.405206+00:00 ubuntu2404 kernel: SRAT: PXM 0 -> APIC 0xb8 -> Node 0
2024-04-29T19:51:13.405206+00:00 ubuntu2404 kernel: SRAT: PXM 0 -> APIC 0xba -> Node 0
2024-04-29T19:51:13.405207+00:00 ubuntu2404 kernel: SRAT: PXM 0 -> APIC 0xbc -> Node 0
2024-04-29T19:51:13.405207+00:00 ubuntu2404 kernel: SRAT: PXM 0 -> APIC 0xbe -> Node 0
2024-04-29T19:51:13.405207+00:00 ubuntu2404 kernel: SRAT: PXM 0 -> APIC 0xc0 -> Node 0
2024-04-29T19:51:13.405208+00:00 ubuntu2404 kernel: SRAT: PXM 0 -> APIC 0xc2 -> Node 0
2024-04-29T19:51:13.405210+00:00 ubuntu2404 kernel: SRAT: PXM 0 -> APIC 0xc4 -> Node 0
2024-04-29T19:51:13.405211+00:00 ubuntu2404 kernel: SRAT: PXM 0 -> APIC 0xc6 -> Node 0
2024-04-29T19:51:13.405211+00:00 ubuntu2404 kernel: SRAT: PXM 0 -> APIC 0xc8 -> Node 0
2024-04-29T19:51:13.405212+00:00 ubuntu2404 kernel: SRAT: PXM 0 -> APIC 0xca -> Node 0
2024-04-29T19:51:13.405212+00:00 ubuntu2404 kernel: SRAT: PXM 0 -> APIC 0xcc -> Node 0
2024-04-29T19:51:13.405212+00:00 ubuntu2404 kernel: SRAT: PXM 0 -> APIC 0xce -> Node 0
2024-04-29T19:51:13.405215+00:00 ubuntu2404 kernel: SRAT: PXM 0 -> APIC 0xd0 -> Node 0
2024-04-29T19:51:13.405216+00:00 ubuntu2404 kernel: SRAT: PXM 0 -> APIC 0xd2 -> Node 0
2024-04-29T19:51:13.405216+00:00 ubuntu2404 kernel: SRAT: PXM 0 -> APIC 0xd4 -> Node 0
2024-04-29T19:51:13.405217+00:00 ubuntu2404 kernel: SRAT: PXM 0 -> APIC 0xd6 -> Node 0
2024-04-29T19:51:13.405217+00:00 ubuntu2404 kernel: SRAT: PXM 0 -> APIC 0xd8 -> Node 0
2024-04-29T19:51:13.405217+00:00 ubuntu2404 kernel: SRAT: PXM 0 -> APIC 0xda -> Node 0
2024-04-29T19:51:13.405220+00:00 ubuntu2404 kernel: SRAT: PXM 0 -> APIC 0xdc -> Node 0
2024-04-29T19:51:13.405221+00:00 ubuntu2404 kernel: SRAT: PXM 0 -> APIC 0xde -> Node 0
2024-04-29T19:51:13.405221+00:00 ubuntu2404 kernel: SRAT: PXM 0 -> APIC 0xe0 -> Node 0
2024-04-29T19:51:13.405221+00:00 ubuntu2404 kernel: SRAT: PXM 0 -> APIC 0xe2 -> Node 0
2024-04-29T19:51:13.405222+00:00 ubuntu2404 kernel: SRAT: PXM 0 -> APIC 0xe4 -> Node 0
2024-04-29T19:51:13.405222+00:00 ubuntu2404 kernel: SRAT: PXM 0 -> APIC 0xe6 -> Node 0
2024-04-29T19:51:13.405222+00:00 ubuntu2404 kernel: SRAT: PXM 0 -> APIC 0xe8 -> Node 0
2024-04-29T19:51:13.405225+00:00 ubuntu2404 kernel: SRAT: PXM 0 -> APIC 0xea -> Node 0
2024-04-29T19:51:13.405226+00:00 ubuntu2404 kernel: SRAT: PXM 0 -> APIC 0xec -> Node 0
2024-04-29T19:51:13.405226+00:00 ubuntu2404 kernel: SRAT: PXM 0 -> APIC 0xee -> Node 0
2024-04-29T19:51:13.405226+00:00 ubuntu2404 kernel: SRAT: PXM 0 -> APIC 0xf0 -> Node 0
2024-04-29T19:51:13.405227+00:00 ubuntu2404 kernel: SRAT: PXM 0 -> APIC 0xf2 -> Node 0
2024-04-29T19:51:13.405227+00:00 ubuntu2404 kernel: SRAT: PXM 0 -> APIC 0xf4 -> Node 0
2024-04-29T19:51:13.405230+00:00 ubuntu2404 kernel: SRAT: PXM 0 -> APIC 0xf6 -> Node 0
2024-04-29T19:51:13.405230+00:00 ubuntu2404 kernel: SRAT: PXM 0 -> APIC 0xf8 -> Node 0
2024-04-29T19:51:13.405231+00:00 ubuntu2404 kernel: SRAT: PXM 0 -> APIC 0xfa -> Node 0
2024-04-29T19:51:13.405231+00:00 ubuntu2404 kernel: SRAT: PXM 0 -> APIC 0xfc -> Node 0
2024-04-29T19:51:13.405232+00:00 ubuntu2404 kernel: SRAT: PXM 0 -> APIC 0xfe -> Node 0
2024-04-29T19:51:13.405232+00:00 ubuntu2404 kernel: ACPI: SRAT: Node 0 PXM 0 [mem 0x00000000-0x0009ffff]
2024-04-29T19:51:13.405232+00:00 ubuntu2404 kernel: ACPI: SRAT: Node 0 PXM 0 [mem 0x00100000-0xbfffffff]
2024-04-29T19:51:13.405237+00:00 ubuntu2404 kernel: ACPI: SRAT: Node 0 PXM 0 [mem 0x100000000-0x13fffffff]
2024-04-29T19:51:13.405238+00:00 ubuntu2404 kernel: ACPI: SRAT: Node 0 PXM 0 [mem 0x140000000-0x103fffffff] hotplug
2024-04-29T19:51:13.405238+00:00 ubuntu2404 kernel: NUMA: Node 0 [mem 0x00000000-0x0009ffff] + [mem 0x00100000-0xbfffffff] -> [mem 0x00000000-0xbfffffff]
2024-04-29T19:51:13.405239+00:00 ubuntu2404 kernel: NUMA: Node 0 [mem 0x00000000-0xbfffffff] + [mem 0x100000000-0x13fffffff] -> [mem 0x00000000-0x13fffffff]
2024-04-29T19:51:13.405239+00:00 ubuntu2404 kernel: NODE_DATA(0) allocated [mem 0x13ffd3000-0x13fffdfff]
2024-04-29T19:51:13.405240+00:00 ubuntu2404 kernel: Zone ranges:
2024-04-29T19:51:13.405249+00:00 ubuntu2404 kernel:   DMA      [mem 0x0000000000001000-0x0000000000ffffff]
2024-04-29T19:51:13.405250+00:00 ubuntu2404 kernel:   DMA32    [mem 0x0000000001000000-0x00000000ffffffff]
2024-04-29T19:51:13.405250+00:00 ubuntu2404 kernel:   Normal   [mem 0x0000000100000000-0x000000013fffffff]
2024-04-29T19:51:13.405251+00:00 ubuntu2404 kernel:   Device   empty
2024-04-29T19:51:13.405251+00:00 ubuntu2404 kernel: Movable zone start for each node
2024-04-29T19:51:13.405252+00:00 ubuntu2404 kernel: Early memory node ranges
2024-04-29T19:51:13.405256+00:00 ubuntu2404 kernel:   node   0: [mem 0x0000000000001000-0x000000000009dfff]
2024-04-29T19:51:13.405256+00:00 ubuntu2404 kernel:   node   0: [mem 0x0000000000100000-0x00000000bfecffff]
2024-04-29T19:51:13.405257+00:00 ubuntu2404 kernel:   node   0: [mem 0x00000000bff00000-0x00000000bfffffff]
2024-04-29T19:51:13.405257+00:00 ubuntu2404 kernel:   node   0: [mem 0x0000000100000000-0x000000013fffffff]
2024-04-29T19:51:13.405258+00:00 ubuntu2404 kernel: Initmem setup node 0 [mem 0x0000000000001000-0x000000013fffffff]
2024-04-29T19:51:13.405258+00:00 ubuntu2404 kernel: On node 0, zone DMA: 1 pages in unavailable ranges
2024-04-29T19:51:13.405262+00:00 ubuntu2404 kernel: On node 0, zone DMA: 98 pages in unavailable ranges
2024-04-29T19:51:13.405263+00:00 ubuntu2404 kernel: On node 0, zone DMA32: 48 pages in unavailable ranges
2024-04-29T19:51:13.405263+00:00 ubuntu2404 kernel: ACPI: PM-Timer IO Port: 0x1008
2024-04-29T19:51:13.405264+00:00 ubuntu2404 kernel: system APIC only can use physical flat
2024-04-29T19:51:13.405264+00:00 ubuntu2404 kernel: ACPI: LAPIC_NMI (acpi_id[0x00] high edge lint[0x1])
2024-04-29T19:51:13.405264+00:00 ubuntu2404 kernel: ACPI: LAPIC_NMI (acpi_id[0x01] high edge lint[0x1])
2024-04-29T19:51:13.405265+00:00 ubuntu2404 kernel: ACPI: LAPIC_NMI (acpi_id[0x02] high edge lint[0x1])
2024-04-29T19:51:13.405269+00:00 ubuntu2404 kernel: ACPI: LAPIC_NMI (acpi_id[0x03] high edge lint[0x1])
2024-04-29T19:51:13.405270+00:00 ubuntu2404 kernel: ACPI: LAPIC_NMI (acpi_id[0x04] high edge lint[0x1])
2024-04-29T19:51:13.405270+00:00 ubuntu2404 kernel: ACPI: LAPIC_NMI (acpi_id[0x05] high edge lint[0x1])
2024-04-29T19:51:13.405270+00:00 ubuntu2404 kernel: ACPI: LAPIC_NMI (acpi_id[0x06] high edge lint[0x1])
2024-04-29T19:51:13.405271+00:00 ubuntu2404 kernel: ACPI: LAPIC_NMI (acpi_id[0x07] high edge lint[0x1])
2024-04-29T19:51:13.405271+00:00 ubuntu2404 kernel: ACPI: LAPIC_NMI (acpi_id[0x08] high edge lint[0x1])
2024-04-29T19:51:13.405275+00:00 ubuntu2404 kernel: ACPI: LAPIC_NMI (acpi_id[0x09] high edge lint[0x1])
2024-04-29T19:51:13.405276+00:00 ubuntu2404 kernel: ACPI: LAPIC_NMI (acpi_id[0x0a] high edge lint[0x1])
2024-04-29T19:51:13.405276+00:00 ubuntu2404 kernel: ACPI: LAPIC_NMI (acpi_id[0x0b] high edge lint[0x1])
2024-04-29T19:51:13.405277+00:00 ubuntu2404 kernel: ACPI: LAPIC_NMI (acpi_id[0x0c] high edge lint[0x1])
2024-04-29T19:51:13.405277+00:00 ubuntu2404 kernel: ACPI: LAPIC_NMI (acpi_id[0x0d] high edge lint[0x1])
2024-04-29T19:51:13.405277+00:00 ubuntu2404 kernel: ACPI: LAPIC_NMI (acpi_id[0x0e] high edge lint[0x1])
2024-04-29T19:51:13.405278+00:00 ubuntu2404 kernel: ACPI: LAPIC_NMI (acpi_id[0x0f] high edge lint[0x1])
2024-04-29T19:51:13.405283+00:00 ubuntu2404 kernel: ACPI: LAPIC_NMI (acpi_id[0x10] high edge lint[0x1])
2024-04-29T19:51:13.405284+00:00 ubuntu2404 kernel: ACPI: LAPIC_NMI (acpi_id[0x11] high edge lint[0x1])
2024-04-29T19:51:13.405284+00:00 ubuntu2404 kernel: ACPI: LAPIC_NMI (acpi_id[0x12] high edge lint[0x1])
2024-04-29T19:51:13.405298+00:00 ubuntu2404 kernel: ACPI: LAPIC_NMI (acpi_id[0x13] high edge lint[0x1])
2024-04-29T19:51:13.405299+00:00 ubuntu2404 kernel: ACPI: LAPIC_NMI (acpi_id[0x14] high edge lint[0x1])
2024-04-29T19:51:13.405299+00:00 ubuntu2404 kernel: ACPI: LAPIC_NMI (acpi_id[0x15] high edge lint[0x1])
2024-04-29T19:51:13.405318+00:00 ubuntu2404 kernel: ACPI: LAPIC_NMI (acpi_id[0x16] high edge lint[0x1])
2024-04-29T19:51:13.405320+00:00 ubuntu2404 kernel: ACPI: LAPIC_NMI (acpi_id[0x17] high edge lint[0x1])
2024-04-29T19:51:13.405320+00:00 ubuntu2404 kernel: ACPI: LAPIC_NMI (acpi_id[0x18] high edge lint[0x1])
2024-04-29T19:51:13.405320+00:00 ubuntu2404 kernel: ACPI: LAPIC_NMI (acpi_id[0x19] high edge lint[0x1])
2024-04-29T19:51:13.405321+00:00 ubuntu2404 kernel: ACPI: LAPIC_NMI (acpi_id[0x1a] high edge lint[0x1])
2024-04-29T19:51:13.405321+00:00 ubuntu2404 kernel: ACPI: LAPIC_NMI (acpi_id[0x1b] high edge lint[0x1])
2024-04-29T19:51:13.405326+00:00 ubuntu2404 kernel: ACPI: LAPIC_NMI (acpi_id[0x1c] high edge lint[0x1])
2024-04-29T19:51:13.405326+00:00 ubuntu2404 kernel: ACPI: LAPIC_NMI (acpi_id[0x1d] high edge lint[0x1])
2024-04-29T19:51:13.405327+00:00 ubuntu2404 kernel: ACPI: LAPIC_NMI (acpi_id[0x1e] high edge lint[0x1])
2024-04-29T19:51:13.405327+00:00 ubuntu2404 kernel: ACPI: LAPIC_NMI (acpi_id[0x1f] high edge lint[0x1])
2024-04-29T19:51:13.405327+00:00 ubuntu2404 kernel: ACPI: LAPIC_NMI (acpi_id[0x20] high edge lint[0x1])
2024-04-29T19:51:13.405328+00:00 ubuntu2404 kernel: ACPI: LAPIC_NMI (acpi_id[0x21] high edge lint[0x1])
2024-04-29T19:51:13.405416+00:00 ubuntu2404 kernel: ACPI: LAPIC_NMI (acpi_id[0x22] high edge lint[0x1])
2024-04-29T19:51:13.405421+00:00 ubuntu2404 kernel: ACPI: LAPIC_NMI (acpi_id[0x23] high edge lint[0x1])
2024-04-29T19:51:13.405422+00:00 ubuntu2404 kernel: ACPI: LAPIC_NMI (acpi_id[0x24] high edge lint[0x1])
2024-04-29T19:51:13.405422+00:00 ubuntu2404 kernel: ACPI: LAPIC_NMI (acpi_id[0x25] high edge lint[0x1])
2024-04-29T19:51:13.405422+00:00 ubuntu2404 kernel: ACPI: LAPIC_NMI (acpi_id[0x26] high edge lint[0x1])
2024-04-29T19:51:13.405423+00:00 ubuntu2404 kernel: ACPI: LAPIC_NMI (acpi_id[0x27] high edge lint[0x1])
2024-04-29T19:51:13.405423+00:00 ubuntu2404 kernel: ACPI: LAPIC_NMI (acpi_id[0x28] high edge lint[0x1])
2024-04-29T19:51:13.405427+00:00 ubuntu2404 kernel: ACPI: LAPIC_NMI (acpi_id[0x29] high edge lint[0x1])
2024-04-29T19:51:13.405428+00:00 ubuntu2404 kernel: ACPI: LAPIC_NMI (acpi_id[0x2a] high edge lint[0x1])
2024-04-29T19:51:13.405428+00:00 ubuntu2404 kernel: ACPI: LAPIC_NMI (acpi_id[0x2b] high edge lint[0x1])
2024-04-29T19:51:13.405429+00:00 ubuntu2404 kernel: ACPI: LAPIC_NMI (acpi_id[0x2c] high edge lint[0x1])
2024-04-29T19:51:13.405429+00:00 ubuntu2404 kernel: ACPI: LAPIC_NMI (acpi_id[0x2d] high edge lint[0x1])
2024-04-29T19:51:13.405430+00:00 ubuntu2404 kernel: ACPI: LAPIC_NMI (acpi_id[0x2e] high edge lint[0x1])
2024-04-29T19:51:13.405430+00:00 ubuntu2404 kernel: ACPI: LAPIC_NMI (acpi_id[0x2f] high edge lint[0x1])
2024-04-29T19:51:13.405434+00:00 ubuntu2404 kernel: ACPI: LAPIC_NMI (acpi_id[0x30] high edge lint[0x1])
2024-04-29T19:51:13.405435+00:00 ubuntu2404 kernel: ACPI: LAPIC_NMI (acpi_id[0x31] high edge lint[0x1])
2024-04-29T19:51:13.405435+00:00 ubuntu2404 kernel: ACPI: LAPIC_NMI (acpi_id[0x32] high edge lint[0x1])
2024-04-29T19:51:13.405436+00:00 ubuntu2404 kernel: ACPI: LAPIC_NMI (acpi_id[0x33] high edge lint[0x1])
2024-04-29T19:51:13.405436+00:00 ubuntu2404 kernel: ACPI: LAPIC_NMI (acpi_id[0x34] high edge lint[0x1])
2024-04-29T19:51:13.405436+00:00 ubuntu2404 kernel: ACPI: LAPIC_NMI (acpi_id[0x35] high edge lint[0x1])
2024-04-29T19:51:13.405441+00:00 ubuntu2404 kernel: ACPI: LAPIC_NMI (acpi_id[0x36] high edge lint[0x1])
2024-04-29T19:51:13.405441+00:00 ubuntu2404 kernel: ACPI: LAPIC_NMI (acpi_id[0x37] high edge lint[0x1])
2024-04-29T19:51:13.405442+00:00 ubuntu2404 kernel: ACPI: LAPIC_NMI (acpi_id[0x38] high edge lint[0x1])
2024-04-29T19:51:13.405442+00:00 ubuntu2404 kernel: ACPI: LAPIC_NMI (acpi_id[0x39] high edge lint[0x1])
2024-04-29T19:51:13.405443+00:00 ubuntu2404 kernel: ACPI: LAPIC_NMI (acpi_id[0x3a] high edge lint[0x1])
2024-04-29T19:51:13.405443+00:00 ubuntu2404 kernel: ACPI: LAPIC_NMI (acpi_id[0x3b] high edge lint[0x1])
2024-04-29T19:51:13.405447+00:00 ubuntu2404 kernel: ACPI: LAPIC_NMI (acpi_id[0x3c] high edge lint[0x1])
2024-04-29T19:51:13.405448+00:00 ubuntu2404 kernel: ACPI: LAPIC_NMI (acpi_id[0x3d] high edge lint[0x1])
2024-04-29T19:51:13.405448+00:00 ubuntu2404 kernel: ACPI: LAPIC_NMI (acpi_id[0x3e] high edge lint[0x1])
2024-04-29T19:51:13.405448+00:00 ubuntu2404 kernel: ACPI: LAPIC_NMI (acpi_id[0x3f] high edge lint[0x1])
2024-04-29T19:51:13.405449+00:00 ubuntu2404 kernel: ACPI: LAPIC_NMI (acpi_id[0x40] high edge lint[0x1])
2024-04-29T19:51:13.405449+00:00 ubuntu2404 kernel: ACPI: LAPIC_NMI (acpi_id[0x41] high edge lint[0x1])
2024-04-29T19:51:13.405450+00:00 ubuntu2404 kernel: ACPI: LAPIC_NMI (acpi_id[0x42] high edge lint[0x1])
2024-04-29T19:51:13.405454+00:00 ubuntu2404 kernel: ACPI: LAPIC_NMI (acpi_id[0x43] high edge lint[0x1])
2024-04-29T19:51:13.405455+00:00 ubuntu2404 kernel: ACPI: LAPIC_NMI (acpi_id[0x44] high edge lint[0x1])
2024-04-29T19:51:13.405455+00:00 ubuntu2404 kernel: ACPI: LAPIC_NMI (acpi_id[0x45] high edge lint[0x1])
2024-04-29T19:51:13.405455+00:00 ubuntu2404 kernel: ACPI: LAPIC_NMI (acpi_id[0x46] high edge lint[0x1])
2024-04-29T19:51:13.405456+00:00 ubuntu2404 kernel: ACPI: LAPIC_NMI (acpi_id[0x47] high edge lint[0x1])
2024-04-29T19:51:13.405456+00:00 ubuntu2404 kernel: ACPI: LAPIC_NMI (acpi_id[0x48] high edge lint[0x1])
2024-04-29T19:51:13.405463+00:00 ubuntu2404 kernel: ACPI: LAPIC_NMI (acpi_id[0x49] high edge lint[0x1])
2024-04-29T19:51:13.405464+00:00 ubuntu2404 kernel: ACPI: LAPIC_NMI (acpi_id[0x4a] high edge lint[0x1])
2024-04-29T19:51:13.405464+00:00 ubuntu2404 kernel: ACPI: LAPIC_NMI (acpi_id[0x4b] high edge lint[0x1])
2024-04-29T19:51:13.405464+00:00 ubuntu2404 kernel: ACPI: LAPIC_NMI (acpi_id[0x4c] high edge lint[0x1])
2024-04-29T19:51:13.405465+00:00 ubuntu2404 kernel: ACPI: LAPIC_NMI (acpi_id[0x4d] high edge lint[0x1])
2024-04-29T19:51:13.405465+00:00 ubuntu2404 kernel: ACPI: LAPIC_NMI (acpi_id[0x4e] high edge lint[0x1])
2024-04-29T19:51:13.405465+00:00 ubuntu2404 kernel: ACPI: LAPIC_NMI (acpi_id[0x4f] high edge lint[0x1])
2024-04-29T19:51:13.405470+00:00 ubuntu2404 kernel: ACPI: LAPIC_NMI (acpi_id[0x50] high edge lint[0x1])
2024-04-29T19:51:13.405470+00:00 ubuntu2404 kernel: ACPI: LAPIC_NMI (acpi_id[0x51] high edge lint[0x1])
2024-04-29T19:51:13.405471+00:00 ubuntu2404 kernel: ACPI: LAPIC_NMI (acpi_id[0x52] high edge lint[0x1])
2024-04-29T19:51:13.405471+00:00 ubuntu2404 kernel: ACPI: LAPIC_NMI (acpi_id[0x53] high edge lint[0x1])
2024-04-29T19:51:13.405471+00:00 ubuntu2404 kernel: ACPI: LAPIC_NMI (acpi_id[0x54] high edge lint[0x1])
2024-04-29T19:51:13.405472+00:00 ubuntu2404 kernel: ACPI: LAPIC_NMI (acpi_id[0x55] high edge lint[0x1])
2024-04-29T19:51:13.405476+00:00 ubuntu2404 kernel: ACPI: LAPIC_NMI (acpi_id[0x56] high edge lint[0x1])
2024-04-29T19:51:13.405477+00:00 ubuntu2404 kernel: ACPI: LAPIC_NMI (acpi_id[0x57] high edge lint[0x1])
2024-04-29T19:51:13.405477+00:00 ubuntu2404 kernel: ACPI: LAPIC_NMI (acpi_id[0x58] high edge lint[0x1])
2024-04-29T19:51:13.405478+00:00 ubuntu2404 kernel: ACPI: LAPIC_NMI (acpi_id[0x59] high edge lint[0x1])
2024-04-29T19:51:13.405478+00:00 ubuntu2404 kernel: ACPI: LAPIC_NMI (acpi_id[0x5a] high edge lint[0x1])
2024-04-29T19:51:13.405478+00:00 ubuntu2404 kernel: ACPI: LAPIC_NMI (acpi_id[0x5b] high edge lint[0x1])
2024-04-29T19:51:13.405483+00:00 ubuntu2404 kernel: ACPI: LAPIC_NMI (acpi_id[0x5c] high edge lint[0x1])
2024-04-29T19:51:13.405483+00:00 ubuntu2404 kernel: ACPI: LAPIC_NMI (acpi_id[0x5d] high edge lint[0x1])
2024-04-29T19:51:13.405484+00:00 ubuntu2404 kernel: ACPI: LAPIC_NMI (acpi_id[0x5e] high edge lint[0x1])
2024-04-29T19:51:13.405484+00:00 ubuntu2404 kernel: ACPI: LAPIC_NMI (acpi_id[0x5f] high edge lint[0x1])
2024-04-29T19:51:13.405484+00:00 ubuntu2404 kernel: ACPI: LAPIC_NMI (acpi_id[0x60] high edge lint[0x1])
2024-04-29T19:51:13.405485+00:00 ubuntu2404 kernel: ACPI: LAPIC_NMI (acpi_id[0x61] high edge lint[0x1])
2024-04-29T19:51:13.405485+00:00 ubuntu2404 kernel: ACPI: LAPIC_NMI (acpi_id[0x62] high edge lint[0x1])
2024-04-29T19:51:13.405490+00:00 ubuntu2404 kernel: ACPI: LAPIC_NMI (acpi_id[0x63] high edge lint[0x1])
2024-04-29T19:51:13.405490+00:00 ubuntu2404 kernel: ACPI: LAPIC_NMI (acpi_id[0x64] high edge lint[0x1])
2024-04-29T19:51:13.405491+00:00 ubuntu2404 kernel: ACPI: LAPIC_NMI (acpi_id[0x65] high edge lint[0x1])
2024-04-29T19:51:13.405491+00:00 ubuntu2404 kernel: ACPI: LAPIC_NMI (acpi_id[0x66] high edge lint[0x1])
2024-04-29T19:51:13.405491+00:00 ubuntu2404 kernel: ACPI: LAPIC_NMI (acpi_id[0x67] high edge lint[0x1])
2024-04-29T19:51:13.405492+00:00 ubuntu2404 kernel: ACPI: LAPIC_NMI (acpi_id[0x68] high edge lint[0x1])
2024-04-29T19:51:13.405497+00:00 ubuntu2404 kernel: ACPI: LAPIC_NMI (acpi_id[0x69] high edge lint[0x1])
2024-04-29T19:51:13.405497+00:00 ubuntu2404 kernel: ACPI: LAPIC_NMI (acpi_id[0x6a] high edge lint[0x1])
2024-04-29T19:51:13.405498+00:00 ubuntu2404 kernel: ACPI: LAPIC_NMI (acpi_id[0x6b] high edge lint[0x1])
2024-04-29T19:51:13.405498+00:00 ubuntu2404 kernel: ACPI: LAPIC_NMI (acpi_id[0x6c] high edge lint[0x1])
2024-04-29T19:51:13.405498+00:00 ubuntu2404 kernel: ACPI: LAPIC_NMI (acpi_id[0x6d] high edge lint[0x1])
2024-04-29T19:51:13.405499+00:00 ubuntu2404 kernel: ACPI: LAPIC_NMI (acpi_id[0x6e] high edge lint[0x1])
2024-04-29T19:51:13.405499+00:00 ubuntu2404 kernel: ACPI: LAPIC_NMI (acpi_id[0x6f] high edge lint[0x1])
2024-04-29T19:51:13.405503+00:00 ubuntu2404 kernel: ACPI: LAPIC_NMI (acpi_id[0x70] high edge lint[0x1])
2024-04-29T19:51:13.405504+00:00 ubuntu2404 kernel: ACPI: LAPIC_NMI (acpi_id[0x71] high edge lint[0x1])
2024-04-29T19:51:13.405504+00:00 ubuntu2404 kernel: ACPI: LAPIC_NMI (acpi_id[0x72] high edge lint[0x1])
2024-04-29T19:51:13.405505+00:00 ubuntu2404 kernel: ACPI: LAPIC_NMI (acpi_id[0x73] high edge lint[0x1])
2024-04-29T19:51:13.405505+00:00 ubuntu2404 kernel: ACPI: LAPIC_NMI (acpi_id[0x74] high edge lint[0x1])
2024-04-29T19:51:13.405506+00:00 ubuntu2404 kernel: ACPI: LAPIC_NMI (acpi_id[0x75] high edge lint[0x1])
2024-04-29T19:51:13.405510+00:00 ubuntu2404 kernel: ACPI: LAPIC_NMI (acpi_id[0x76] high edge lint[0x1])
2024-04-29T19:51:13.405512+00:00 ubuntu2404 kernel: ACPI: LAPIC_NMI (acpi_id[0x77] high edge lint[0x1])
2024-04-29T19:51:13.405513+00:00 ubuntu2404 kernel: ACPI: LAPIC_NMI (acpi_id[0x78] high edge lint[0x1])
2024-04-29T19:51:13.405514+00:00 ubuntu2404 kernel: ACPI: LAPIC_NMI (acpi_id[0x79] high edge lint[0x1])
2024-04-29T19:51:13.405515+00:00 ubuntu2404 kernel: ACPI: LAPIC_NMI (acpi_id[0x7a] high edge lint[0x1])
2024-04-29T19:51:13.405515+00:00 ubuntu2404 kernel: ACPI: LAPIC_NMI (acpi_id[0x7b] high edge lint[0x1])
2024-04-29T19:51:13.405521+00:00 ubuntu2404 kernel: ACPI: LAPIC_NMI (acpi_id[0x7c] high edge lint[0x1])
2024-04-29T19:51:13.405521+00:00 ubuntu2404 kernel: ACPI: LAPIC_NMI (acpi_id[0x7d] high edge lint[0x1])
2024-04-29T19:51:13.405522+00:00 ubuntu2404 kernel: ACPI: LAPIC_NMI (acpi_id[0x7e] high edge lint[0x1])
2024-04-29T19:51:13.405522+00:00 ubuntu2404 kernel: ACPI: LAPIC_NMI (acpi_id[0x7f] high edge lint[0x1])
2024-04-29T19:51:13.405522+00:00 ubuntu2404 kernel: IOAPIC[0]: apic_id 1, version 32, address 0xfec00000, GSI 0-23
2024-04-29T19:51:13.405523+00:00 ubuntu2404 kernel: ACPI: INT_SRC_OVR (bus 0 bus_irq 0 global_irq 2 high edge)
2024-04-29T19:51:13.405523+00:00 ubuntu2404 kernel: ACPI: Using ACPI (MADT) for SMP configuration information
2024-04-29T19:51:13.405528+00:00 ubuntu2404 kernel: ACPI: HPET id: 0x8086af01 base: 0xfed00000
2024-04-29T19:51:13.405528+00:00 ubuntu2404 kernel: smpboot: Allowing 128 CPUs, 126 hotplug CPUs
2024-04-29T19:51:13.405529+00:00 ubuntu2404 kernel: PM: hibernation: Registered nosave memory: [mem 0x00000000-0x00000fff]
2024-04-29T19:51:13.405529+00:00 ubuntu2404 kernel: PM: hibernation: Registered nosave memory: [mem 0x0009e000-0x0009efff]
2024-04-29T19:51:13.405529+00:00 ubuntu2404 kernel: PM: hibernation: Registered nosave memory: [mem 0x0009f000-0x0009ffff]
2024-04-29T19:51:13.405530+00:00 ubuntu2404 kernel: PM: hibernation: Registered nosave memory: [mem 0x000a0000-0x000dbfff]
2024-04-29T19:51:13.405534+00:00 ubuntu2404 kernel: PM: hibernation: Registered nosave memory: [mem 0x000dc000-0x000fffff]
2024-04-29T19:51:13.405535+00:00 ubuntu2404 kernel: PM: hibernation: Registered nosave memory: [mem 0xbfed0000-0xbfefefff]
2024-04-29T19:51:13.405535+00:00 ubuntu2404 kernel: PM: hibernation: Registered nosave memory: [mem 0xbfeff000-0xbfefffff]
2024-04-29T19:51:13.405535+00:00 ubuntu2404 kernel: PM: hibernation: Registered nosave memory: [mem 0xc0000000-0xefffffff]
2024-04-29T19:51:13.405536+00:00 ubuntu2404 kernel: PM: hibernation: Registered nosave memory: [mem 0xf0000000-0xf7ffffff]
2024-04-29T19:51:13.405536+00:00 ubuntu2404 kernel: PM: hibernation: Registered nosave memory: [mem 0xf8000000-0xfebfffff]
2024-04-29T19:51:13.405537+00:00 ubuntu2404 kernel: PM: hibernation: Registered nosave memory: [mem 0xfec00000-0xfec0ffff]
2024-04-29T19:51:13.405541+00:00 ubuntu2404 kernel: PM: hibernation: Registered nosave memory: [mem 0xfec10000-0xfedfffff]
2024-04-29T19:51:13.405541+00:00 ubuntu2404 kernel: PM: hibernation: Registered nosave memory: [mem 0xfee00000-0xfee00fff]
2024-04-29T19:51:13.405629+00:00 ubuntu2404 kernel: PM: hibernation: Registered nosave memory: [mem 0xfee01000-0xfffdffff]
2024-04-29T19:51:13.405629+00:00 ubuntu2404 kernel: PM: hibernation: Registered nosave memory: [mem 0xfffe0000-0xffffffff]
2024-04-29T19:51:13.405629+00:00 ubuntu2404 kernel: [mem 0xc0000000-0xefffffff] available for PCI devices
2024-04-29T19:51:13.405633+00:00 ubuntu2404 kernel: Booting paravirtualized kernel on VMware hypervisor
2024-04-29T19:51:13.405637+00:00 ubuntu2404 kernel: clocksource: refined-jiffies: mask: 0xffffffff max_cycles: 0xffffffff, max_idle_ns: 1910969940391419 ns
2024-04-29T19:51:13.405638+00:00 ubuntu2404 kernel: setup_percpu: NR_CPUS:8192 nr_cpumask_bits:128 nr_cpu_ids:128 nr_node_ids:1
2024-04-29T19:51:13.405638+00:00 ubuntu2404 kernel: percpu: Embedded 86 pages/cpu s229376 r8192 d114688 u524288
2024-04-29T19:51:13.405639+00:00 ubuntu2404 kernel: pcpu-alloc: s229376 r8192 d114688 u524288 alloc=1*2097152
2024-04-29T19:51:13.405639+00:00 ubuntu2404 kernel: pcpu-alloc: [0] 000 001 002 003 [0] 004 005 006 007 
2024-04-29T19:51:13.405639+00:00 ubuntu2404 kernel: pcpu-alloc: [0] 008 009 010 011 [0] 012 013 014 015 
2024-04-29T19:51:13.405644+00:00 ubuntu2404 kernel: pcpu-alloc: [0] 016 017 018 019 [0] 020 021 022 023 
2024-04-29T19:51:13.405644+00:00 ubuntu2404 kernel: pcpu-alloc: [0] 024 025 026 027 [0] 028 029 030 031 
2024-04-29T19:51:13.405645+00:00 ubuntu2404 kernel: pcpu-alloc: [0] 032 033 034 035 [0] 036 037 038 039 
2024-04-29T19:51:13.405645+00:00 ubuntu2404 kernel: pcpu-alloc: [0] 040 041 042 043 [0] 044 045 046 047 
2024-04-29T19:51:13.405646+00:00 ubuntu2404 kernel: pcpu-alloc: [0] 048 049 050 051 [0] 052 053 054 055 
2024-04-29T19:51:13.405646+00:00 ubuntu2404 kernel: pcpu-alloc: [0] 056 057 058 059 [0] 060 061 062 063 
2024-04-29T19:51:13.405646+00:00 ubuntu2404 kernel: pcpu-alloc: [0] 064 065 066 067 [0] 068 069 070 071 
2024-04-29T19:51:13.405654+00:00 ubuntu2404 kernel: pcpu-alloc: [0] 072 073 074 075 [0] 076 077 078 079 
2024-04-29T19:51:13.405654+00:00 ubuntu2404 kernel: pcpu-alloc: [0] 080 081 082 083 [0] 084 085 086 087 
2024-04-29T19:51:13.405654+00:00 ubuntu2404 kernel: pcpu-alloc: [0] 088 089 090 091 [0] 092 093 094 095 
2024-04-29T19:51:13.405655+00:00 ubuntu2404 kernel: pcpu-alloc: [0] 096 097 098 099 [0] 100 101 102 103 
2024-04-29T19:51:13.405655+00:00 ubuntu2404 kernel: pcpu-alloc: [0] 104 105 106 107 [0] 108 109 110 111 
2024-04-29T19:51:13.405656+00:00 ubuntu2404 kernel: pcpu-alloc: [0] 112 113 114 115 [0] 116 117 118 119 
2024-04-29T19:51:13.405660+00:00 ubuntu2404 kernel: pcpu-alloc: [0] 120 121 122 123 [0] 124 125 126 127 
2024-04-29T19:51:13.405660+00:00 ubuntu2404 kernel: Kernel command line: BOOT_IMAGE=/vmlinuz-6.8.0-31-generic root=/dev/mapper/ubuntu--vg-ubuntu--lv ro quiet splash
2024-04-29T19:51:13.405661+00:00 ubuntu2404 kernel: Unknown kernel command line parameters "splash BOOT_IMAGE=/vmlinuz-6.8.0-31-generic", will be passed to user space.
2024-04-29T19:51:13.405661+00:00 ubuntu2404 kernel: random: crng init done
2024-04-29T19:51:13.405662+00:00 ubuntu2404 kernel: printk: log_buf_len individual max cpu contribution: 4096 bytes
2024-04-29T19:51:13.405662+00:00 ubuntu2404 kernel: printk: log_buf_len total cpu_extra contributions: 520192 bytes
2024-04-29T19:51:13.405666+00:00 ubuntu2404 kernel: printk: log_buf_len min size: 262144 bytes
2024-04-29T19:51:13.405667+00:00 ubuntu2404 kernel: printk: log_buf_len: 1048576 bytes
2024-04-29T19:51:13.405667+00:00 ubuntu2404 kernel: printk: early log buf free: 238112(90%)
2024-04-29T19:51:13.405668+00:00 ubuntu2404 kernel: Dentry cache hash table entries: 524288 (order: 10, 4194304 bytes, linear)
2024-04-29T19:51:13.405668+00:00 ubuntu2404 kernel: Inode-cache hash table entries: 262144 (order: 9, 2097152 bytes, linear)
2024-04-29T19:51:13.405668+00:00 ubuntu2404 kernel: Fallback order for Node 0: 0 
2024-04-29T19:51:13.405673+00:00 ubuntu2404 kernel: Built 1 zonelists, mobility grouping on.  Total pages: 1031888
2024-04-29T19:51:13.405673+00:00 ubuntu2404 kernel: Policy zone: Normal
2024-04-29T19:51:13.405673+00:00 ubuntu2404 kernel: mem auto-init: stack:all(zero), heap alloc:on, heap free:off
2024-04-29T19:51:13.405674+00:00 ubuntu2404 kernel: software IO TLB: area num 128.
2024-04-29T19:51:13.405674+00:00 ubuntu2404 kernel: Memory: 3885108K/4193716K available (22528K kernel code, 4438K rwdata, 14288K rodata, 4976K init, 4736K bss, 308348K reserved, 0K cma-reserved)
2024-04-29T19:51:13.405675+00:00 ubuntu2404 kernel: SLUB: HWalign=64, Order=0-3, MinObjects=0, CPUs=128, Nodes=1
2024-04-29T19:51:13.405675+00:00 ubuntu2404 kernel: ftrace: allocating 57796 entries in 226 pages
2024-04-29T19:51:13.405679+00:00 ubuntu2404 kernel: ftrace: allocated 226 pages with 4 groups
2024-04-29T19:51:13.405680+00:00 ubuntu2404 kernel: Dynamic Preempt: voluntary
2024-04-29T19:51:13.405680+00:00 ubuntu2404 kernel: rcu: Preemptible hierarchical RCU implementation.
2024-04-29T19:51:13.405681+00:00 ubuntu2404 kernel: rcu: 	RCU restricting CPUs from NR_CPUS=8192 to nr_cpu_ids=128.
2024-04-29T19:51:13.405681+00:00 ubuntu2404 kernel: 	Trampoline variant of Tasks RCU enabled.
2024-04-29T19:51:13.405681+00:00 ubuntu2404 kernel: 	Rude variant of Tasks RCU enabled.
2024-04-29T19:51:13.405686+00:00 ubuntu2404 kernel: 	Tracing variant of Tasks RCU enabled.
2024-04-29T19:51:13.405686+00:00 ubuntu2404 kernel: rcu: RCU calculated value of scheduler-enlistment delay is 100 jiffies.
2024-04-29T19:51:13.405687+00:00 ubuntu2404 kernel: rcu: Adjusting geometry for rcu_fanout_leaf=16, nr_cpu_ids=128
2024-04-29T19:51:13.405687+00:00 ubuntu2404 kernel: NR_IRQS: 524544, nr_irqs: 1448, preallocated irqs: 16
2024-04-29T19:51:13.405687+00:00 ubuntu2404 kernel: rcu: srcu_init: Setting srcu_struct sizes to big.
2024-04-29T19:51:13.405688+00:00 ubuntu2404 kernel: Console: colour VGA+ 80x25
2024-04-29T19:51:13.405692+00:00 ubuntu2404 kernel: printk: legacy console [tty0] enabled
2024-04-29T19:51:13.405693+00:00 ubuntu2404 kernel: ACPI: Core revision 20230628
2024-04-29T19:51:13.405693+00:00 ubuntu2404 kernel: clocksource: hpet: mask: 0xffffffff max_cycles: 0xffffffff, max_idle_ns: 133484882848 ns
2024-04-29T19:51:13.405694+00:00 ubuntu2404 kernel: APIC: Switch to symmetric I/O mode setup
2024-04-29T19:51:13.405694+00:00 ubuntu2404 kernel: x2apic enabled
2024-04-29T19:51:13.405694+00:00 ubuntu2404 kernel: APIC: Switched APIC routing to: physical x2apic
2024-04-29T19:51:13.405695+00:00 ubuntu2404 kernel: ..TIMER: vector=0x30 apic1=0 pin1=2 apic2=-1 pin2=-1
2024-04-29T19:51:13.405699+00:00 ubuntu2404 kernel: clocksource: tsc-early: mask: 0xffffffffffffffff max_cycles: 0x33cb6b8595c, max_idle_ns: 440795204037 ns
2024-04-29T19:51:13.405700+00:00 ubuntu2404 kernel: Calibrating delay loop (skipped) preset value.. 7186.50 BogoMIPS (lpj=3593251)
2024-04-29T19:51:13.405700+00:00 ubuntu2404 kernel: AMD Zen1 DIV0 bug detected. Disable SMT for full protection.
2024-04-29T19:51:13.405700+00:00 ubuntu2404 kernel: LVT offset 2 assigned for vector 0xf4
2024-04-29T19:51:13.405701+00:00 ubuntu2404 kernel: Last level iTLB entries: 4KB 1024, 2MB 1024, 4MB 512
2024-04-29T19:51:13.405701+00:00 ubuntu2404 kernel: Last level dTLB entries: 4KB 1536, 2MB 1536, 4MB 768, 1GB 0
2024-04-29T19:51:13.405705+00:00 ubuntu2404 kernel: Spectre V1 : Mitigation: usercopy/swapgs barriers and __user pointer sanitization
2024-04-29T19:51:13.405706+00:00 ubuntu2404 kernel: Spectre V2 : Mitigation: Retpolines
2024-04-29T19:51:13.405706+00:00 ubuntu2404 kernel: Spectre V2 : Spectre v2 / SpectreRSB mitigation: Filling RSB on context switch
2024-04-29T19:51:13.405707+00:00 ubuntu2404 kernel: Spectre V2 : Spectre v2 / SpectreRSB : Filling RSB on VMEXIT
2024-04-29T19:51:13.405707+00:00 ubuntu2404 kernel: Spectre V2 : Enabling Speculation Barrier for firmware calls
2024-04-29T19:51:13.405707+00:00 ubuntu2404 kernel: RETBleed: Mitigation: untrained return thunk
2024-04-29T19:51:13.405712+00:00 ubuntu2404 kernel: Spectre V2 : mitigation: Enabling conditional Indirect Branch Prediction Barrier
2024-04-29T19:51:13.405712+00:00 ubuntu2404 kernel: Speculative Store Bypass: Mitigation: Speculative Store Bypass disabled via prctl
2024-04-29T19:51:13.405713+00:00 ubuntu2404 kernel: Speculative Return Stack Overflow: IBPB-extending microcode not applied!
2024-04-29T19:51:13.405713+00:00 ubuntu2404 kernel: Speculative Return Stack Overflow: WARNING: See https://kernel.org/doc/html/latest/admin-guide/hw-vuln/srso.html for mitigation options.
2024-04-29T19:51:13.405713+00:00 ubuntu2404 kernel: Speculative Return Stack Overflow: Vulnerable: Safe RET, no microcode
2024-04-29T19:51:13.405714+00:00 ubuntu2404 kernel: x86/fpu: Supporting XSAVE feature 0x001: 'x87 floating point registers'
2024-04-29T19:51:13.405714+00:00 ubuntu2404 kernel: x86/fpu: Supporting XSAVE feature 0x002: 'SSE registers'
2024-04-29T19:51:13.405719+00:00 ubuntu2404 kernel: x86/fpu: Supporting XSAVE feature 0x004: 'AVX registers'
2024-04-29T19:51:13.405719+00:00 ubuntu2404 kernel: x86/fpu: xstate_offset[2]:  576, xstate_sizes[2]:  256
2024-04-29T19:51:13.405720+00:00 ubuntu2404 kernel: x86/fpu: Enabled xstate features 0x7, context size is 832 bytes, using 'compacted' format.
2024-04-29T19:51:13.405720+00:00 ubuntu2404 kernel: Freeing SMP alternatives memory: 48K
2024-04-29T19:51:13.405720+00:00 ubuntu2404 kernel: pid_max: default: 131072 minimum: 1024
2024-04-29T19:51:13.405721+00:00 ubuntu2404 kernel: LSM: initializing lsm=lockdown,capability,landlock,yama,apparmor,integrity
2024-04-29T19:51:13.405725+00:00 ubuntu2404 kernel: landlock: Up and running.
2024-04-29T19:51:13.405726+00:00 ubuntu2404 kernel: Yama: becoming mindful.
2024-04-29T19:51:13.405726+00:00 ubuntu2404 kernel: AppArmor: AppArmor initialized
2024-04-29T19:51:13.405726+00:00 ubuntu2404 kernel: Mount-cache hash table entries: 8192 (order: 4, 65536 bytes, linear)
2024-04-29T19:51:13.405727+00:00 ubuntu2404 kernel: Mountpoint-cache hash table entries: 8192 (order: 4, 65536 bytes, linear)
2024-04-29T19:51:13.405727+00:00 ubuntu2404 kernel: smpboot: CPU0: AMD Ryzen 5 1600X Six-Core Processor (family: 0x17, model: 0x1, stepping: 0x1)
2024-04-29T19:51:13.405732+00:00 ubuntu2404 kernel: RCU Tasks: Setting shift to 7 and lim to 1 rcu_task_cb_adjust=1.
2024-04-29T19:51:13.405732+00:00 ubuntu2404 kernel: RCU Tasks Rude: Setting shift to 7 and lim to 1 rcu_task_cb_adjust=1.
2024-04-29T19:51:13.405732+00:00 ubuntu2404 kernel: RCU Tasks Trace: Setting shift to 7 and lim to 1 rcu_task_cb_adjust=1.
2024-04-29T19:51:13.405733+00:00 ubuntu2404 kernel: Performance Events: AMD PMU driver.
2024-04-29T19:51:13.405733+00:00 ubuntu2404 kernel: ... version:                0
2024-04-29T19:51:13.405733+00:00 ubuntu2404 kernel: ... bit width:              48
2024-04-29T19:51:13.405734+00:00 ubuntu2404 kernel: ... generic registers:      4
2024-04-29T19:51:13.405738+00:00 ubuntu2404 kernel: ... value mask:             0000ffffffffffff
2024-04-29T19:51:13.405739+00:00 ubuntu2404 kernel: ... max period:             00007fffffffffff
2024-04-29T19:51:13.405739+00:00 ubuntu2404 kernel: ... fixed-purpose events:   0
2024-04-29T19:51:13.405739+00:00 ubuntu2404 kernel: ... event mask:             000000000000000f
2024-04-29T19:51:13.405740+00:00 ubuntu2404 kernel: signal: max sigframe size: 1776
2024-04-29T19:51:13.405740+00:00 ubuntu2404 kernel: rcu: Hierarchical SRCU implementation.
2024-04-29T19:51:13.405745+00:00 ubuntu2404 kernel: rcu: 	Max phase no-delay instances is 400.
2024-04-29T19:51:13.405745+00:00 ubuntu2404 kernel: NMI watchdog: Enabled. Permanently consumes one hw-PMU counter.
2024-04-29T19:51:13.405745+00:00 ubuntu2404 kernel: smp: Bringing up secondary CPUs ...
2024-04-29T19:51:13.405746+00:00 ubuntu2404 kernel: smpboot: x86: Booting SMP configuration:
2024-04-29T19:51:13.405923+00:00 ubuntu2404 kernel: .... node  #0, CPUs:          #1
2024-04-29T19:51:13.405925+00:00 ubuntu2404 kernel: smpboot: CPU 1 Converting physical 2 to logical package 1
2024-04-29T19:51:13.405925+00:00 ubuntu2404 kernel: smpboot: CPU 1 Converting physical 0 to logical die 1
2024-04-29T19:51:13.405937+00:00 ubuntu2404 kernel: smp: Brought up 1 node, 2 CPUs
2024-04-29T19:51:13.405937+00:00 ubuntu2404 kernel: smpboot: Max logical packages: 128
2024-04-29T19:51:13.405938+00:00 ubuntu2404 kernel: smpboot: Total of 2 processors activated (14373.00 BogoMIPS)
2024-04-29T19:51:13.405938+00:00 ubuntu2404 kernel: devtmpfs: initialized
2024-04-29T19:51:13.405938+00:00 ubuntu2404 kernel: x86/mm: Memory block size: 128MB
2024-04-29T19:51:13.405939+00:00 ubuntu2404 kernel: ACPI: PM: Registering ACPI NVS region [mem 0xbfeff000-0xbfefffff] (4096 bytes)
2024-04-29T19:51:13.405943+00:00 ubuntu2404 kernel: clocksource: jiffies: mask: 0xffffffff max_cycles: 0xffffffff, max_idle_ns: 1911260446275000 ns
2024-04-29T19:51:13.405944+00:00 ubuntu2404 kernel: futex hash table entries: 32768 (order: 9, 2097152 bytes, linear)
2024-04-29T19:51:13.405944+00:00 ubuntu2404 kernel: pinctrl core: initialized pinctrl subsystem
2024-04-29T19:51:13.405944+00:00 ubuntu2404 kernel: PM: RTC time: 19:51:00, date: 2024-04-29
2024-04-29T19:51:13.405945+00:00 ubuntu2404 kernel: NET: Registered PF_NETLINK/PF_ROUTE protocol family
2024-04-29T19:51:13.405945+00:00 ubuntu2404 kernel: DMA: preallocated 512 KiB GFP_KERNEL pool for atomic allocations
2024-04-29T19:51:13.405949+00:00 ubuntu2404 kernel: DMA: preallocated 512 KiB GFP_KERNEL|GFP_DMA pool for atomic allocations
2024-04-29T19:51:13.405950+00:00 ubuntu2404 kernel: DMA: preallocated 512 KiB GFP_KERNEL|GFP_DMA32 pool for atomic allocations
2024-04-29T19:51:13.405950+00:00 ubuntu2404 kernel: audit: initializing netlink subsys (disabled)
2024-04-29T19:51:13.405951+00:00 ubuntu2404 kernel: audit: type=2000 audit(1714420260.049:1): state=initialized audit_enabled=0 res=1
2024-04-29T19:51:13.405951+00:00 ubuntu2404 kernel: thermal_sys: Registered thermal governor 'fair_share'
2024-04-29T19:51:13.405951+00:00 ubuntu2404 kernel: thermal_sys: Registered thermal governor 'bang_bang'
2024-04-29T19:51:13.405952+00:00 ubuntu2404 kernel: thermal_sys: Registered thermal governor 'step_wise'
2024-04-29T19:51:13.405956+00:00 ubuntu2404 kernel: thermal_sys: Registered thermal governor 'user_space'
2024-04-29T19:51:13.405957+00:00 ubuntu2404 kernel: thermal_sys: Registered thermal governor 'power_allocator'
2024-04-29T19:51:13.405957+00:00 ubuntu2404 kernel: EISA bus registered
2024-04-29T19:51:13.405958+00:00 ubuntu2404 kernel: cpuidle: using governor ladder
2024-04-29T19:51:13.405958+00:00 ubuntu2404 kernel: cpuidle: using governor menu
2024-04-29T19:51:13.405958+00:00 ubuntu2404 kernel: Simple Boot Flag at 0x36 set to 0x80
2024-04-29T19:51:13.405963+00:00 ubuntu2404 kernel: acpiphp: ACPI Hot Plug PCI Controller Driver version: 0.5
2024-04-29T19:51:13.405963+00:00 ubuntu2404 kernel: PCI: ECAM [mem 0xf0000000-0xf7ffffff] (base 0xf0000000) for domain 0000 [bus 00-7f]
2024-04-29T19:51:13.405964+00:00 ubuntu2404 kernel: PCI: ECAM [mem 0xf0000000-0xf7ffffff] reserved as E820 entry
2024-04-29T19:51:13.405964+00:00 ubuntu2404 kernel: PCI: Using configuration type 1 for base access
2024-04-29T19:51:13.405964+00:00 ubuntu2404 kernel: kprobes: kprobe jump-optimization is enabled. All kprobes are optimized if possible.
2024-04-29T19:51:13.405965+00:00 ubuntu2404 kernel: HugeTLB: registered 1.00 GiB page size, pre-allocated 0 pages
2024-04-29T19:51:13.405965+00:00 ubuntu2404 kernel: HugeTLB: 16380 KiB vmemmap can be freed for a 1.00 GiB page
2024-04-29T19:51:13.405969+00:00 ubuntu2404 kernel: HugeTLB: registered 2.00 MiB page size, pre-allocated 0 pages
2024-04-29T19:51:13.405970+00:00 ubuntu2404 kernel: HugeTLB: 28 KiB vmemmap can be freed for a 2.00 MiB page
2024-04-29T19:51:13.405970+00:00 ubuntu2404 kernel: ACPI: Added _OSI(Module Device)
2024-04-29T19:51:13.405971+00:00 ubuntu2404 kernel: ACPI: Added _OSI(Processor Device)
2024-04-29T19:51:13.405971+00:00 ubuntu2404 kernel: ACPI: Added _OSI(3.0 _SCP Extensions)
2024-04-29T19:51:13.405971+00:00 ubuntu2404 kernel: ACPI: Added _OSI(Processor Aggregator Device)
2024-04-29T19:51:13.405976+00:00 ubuntu2404 kernel: ACPI: 1 ACPI AML tables successfully acquired and loaded
2024-04-29T19:51:13.405976+00:00 ubuntu2404 kernel: ACPI: [Firmware Bug]: BIOS _OSI(Linux) query ignored
2024-04-29T19:51:13.405976+00:00 ubuntu2404 kernel: ACPI: _OSC evaluation for CPUs failed, trying _PDC
2024-04-29T19:51:13.405977+00:00 ubuntu2404 kernel: ACPI: Interpreter enabled
2024-04-29T19:51:13.405977+00:00 ubuntu2404 kernel: ACPI: PM: (supports S0 S1 S4 S5)
2024-04-29T19:51:13.405977+00:00 ubuntu2404 kernel: ACPI: Using IOAPIC for interrupt routing
2024-04-29T19:51:13.405982+00:00 ubuntu2404 kernel: PCI: Using host bridge windows from ACPI; if necessary, use "pci=nocrs" and report a bug
2024-04-29T19:51:13.405982+00:00 ubuntu2404 kernel: PCI: Using E820 reservations for host bridge windows
2024-04-29T19:51:13.405983+00:00 ubuntu2404 kernel: ACPI: Enabled 4 GPEs in block 00 to 0F
2024-04-29T19:51:13.405983+00:00 ubuntu2404 kernel: ACPI: PCI Root Bridge [PCI0] (domain 0000 [bus 00-7f])
2024-04-29T19:51:13.405983+00:00 ubuntu2404 kernel: acpi PNP0A03:00: _OSC: OS supports [ExtendedConfig ASPM ClockPM Segments MSI EDR HPX-Type3]
2024-04-29T19:51:13.405984+00:00 ubuntu2404 kernel: acpi PNP0A03:00: _OSC: platform does not support [AER LTR DPC]
2024-04-29T19:51:13.405984+00:00 ubuntu2404 kernel: acpi PNP0A03:00: _OSC: OS now controls [PCIeHotplug SHPCHotplug PME PCIeCapability]
2024-04-29T19:51:13.405989+00:00 ubuntu2404 kernel: PCI host bridge to bus 0000:00
2024-04-29T19:51:13.405989+00:00 ubuntu2404 kernel: pci_bus 0000:00: root bus resource [mem 0x000a0000-0x000bffff window]
2024-04-29T19:51:13.405989+00:00 ubuntu2404 kernel: pci_bus 0000:00: root bus resource [mem 0x000d0000-0x000dbfff window]
2024-04-29T19:51:13.405990+00:00 ubuntu2404 kernel: pci_bus 0000:00: root bus resource [mem 0xc0000000-0xfebfffff window]
2024-04-29T19:51:13.405990+00:00 ubuntu2404 kernel: pci_bus 0000:00: root bus resource [io  0x0000-0x0cf7 window]
2024-04-29T19:51:13.405991+00:00 ubuntu2404 kernel: pci_bus 0000:00: root bus resource [io  0x0d00-0xfeff window]
2024-04-29T19:51:13.405995+00:00 ubuntu2404 kernel: pci_bus 0000:00: root bus resource [bus 00-7f]
2024-04-29T19:51:13.405996+00:00 ubuntu2404 kernel: pci 0000:00:00.0: [8086:7190] type 00 class 0x060000 conventional PCI endpoint
2024-04-29T19:51:13.405996+00:00 ubuntu2404 kernel: pci 0000:00:01.0: [8086:7191] type 01 class 0x060400 conventional PCI bridge
2024-04-29T19:51:13.405996+00:00 ubuntu2404 kernel: pci 0000:00:01.0: PCI bridge to [bus 01]
2024-04-29T19:51:13.405997+00:00 ubuntu2404 kernel: pci 0000:00:07.0: [8086:7110] type 00 class 0x060100 conventional PCI endpoint
2024-04-29T19:51:13.405997+00:00 ubuntu2404 kernel: pci 0000:00:07.1: [8086:7111] type 00 class 0x01018a conventional PCI endpoint
2024-04-29T19:51:13.405997+00:00 ubuntu2404 kernel: pci 0000:00:07.1: BAR 4 [io  0x1060-0x106f]
2024-04-29T19:51:13.406002+00:00 ubuntu2404 kernel: pci 0000:00:07.1: BAR 0 [io  0x01f0-0x01f7]: legacy IDE quirk
2024-04-29T19:51:13.406002+00:00 ubuntu2404 kernel: pci 0000:00:07.1: BAR 1 [io  0x03f6]: legacy IDE quirk
2024-04-29T19:51:13.406003+00:00 ubuntu2404 kernel: pci 0000:00:07.1: BAR 2 [io  0x0170-0x0177]: legacy IDE quirk
2024-04-29T19:51:13.406003+00:00 ubuntu2404 kernel: pci 0000:00:07.1: BAR 3 [io  0x0376]: legacy IDE quirk
2024-04-29T19:51:13.406003+00:00 ubuntu2404 kernel: pci 0000:00:07.3: [8086:7113] type 00 class 0x068000 conventional PCI endpoint
2024-04-29T19:51:13.406004+00:00 ubuntu2404 kernel: pci 0000:00:07.3: quirk: [io  0x1000-0x103f] claimed by PIIX4 ACPI
2024-04-29T19:51:13.406009+00:00 ubuntu2404 kernel: pci 0000:00:07.3: quirk: [io  0x1040-0x104f] claimed by PIIX4 SMB
2024-04-29T19:51:13.406009+00:00 ubuntu2404 kernel: pci 0000:00:07.7: [15ad:0740] type 00 class 0x088000 conventional PCI endpoint
2024-04-29T19:51:13.406009+00:00 ubuntu2404 kernel: pci 0000:00:07.7: BAR 0 [io  0x1080-0x10bf]
2024-04-29T19:51:13.406010+00:00 ubuntu2404 kernel: pci 0000:00:07.7: BAR 1 [mem 0xfebfe000-0xfebfffff 64bit]
2024-04-29T19:51:13.406010+00:00 ubuntu2404 kernel: pci 0000:00:0f.0: [15ad:0405] type 00 class 0x030000 conventional PCI endpoint
2024-04-29T19:51:13.406011+00:00 ubuntu2404 kernel: pci 0000:00:0f.0: BAR 0 [io  0x1070-0x107f]
2024-04-29T19:51:13.406016+00:00 ubuntu2404 kernel: pci 0000:00:0f.0: BAR 1 [mem 0xe8000000-0xefffffff pref]
2024-04-29T19:51:13.406018+00:00 ubuntu2404 kernel: pci 0000:00:0f.0: BAR 2 [mem 0xfe000000-0xfe7fffff]
2024-04-29T19:51:13.406019+00:00 ubuntu2404 kernel: pci 0000:00:0f.0: ROM [mem 0x00000000-0x00007fff pref]
2024-04-29T19:51:13.406020+00:00 ubuntu2404 kernel: pci 0000:00:0f.0: Video device with shadowed ROM at [mem 0x000c0000-0x000dffff]
2024-04-29T19:51:13.406020+00:00 ubuntu2404 kernel: pci 0000:00:10.0: [1000:0030] type 00 class 0x010000 conventional PCI endpoint
2024-04-29T19:51:13.406021+00:00 ubuntu2404 kernel: pci 0000:00:10.0: BAR 0 [io  0x1400-0x14ff]
2024-04-29T19:51:13.406021+00:00 ubuntu2404 kernel: pci 0000:00:10.0: BAR 1 [mem 0xfeba0000-0xfebbffff 64bit]
2024-04-29T19:51:13.406027+00:00 ubuntu2404 kernel: pci 0000:00:10.0: BAR 3 [mem 0xfebc0000-0xfebdffff 64bit]
2024-04-29T19:51:13.406027+00:00 ubuntu2404 kernel: pci 0000:00:10.0: ROM [mem 0x00000000-0x00003fff pref]
2024-04-29T19:51:13.406027+00:00 ubuntu2404 kernel: pci 0000:00:11.0: [15ad:0790] type 01 class 0x060401 conventional PCI bridge
2024-04-29T19:51:13.406028+00:00 ubuntu2404 kernel: pci 0000:00:11.0: PCI bridge to [bus 02] (subtractive decode)
2024-04-29T19:51:13.406028+00:00 ubuntu2404 kernel: pci 0000:00:11.0:   bridge window [io  0x2000-0x3fff]
2024-04-29T19:51:13.406029+00:00 ubuntu2404 kernel: pci 0000:00:11.0:   bridge window [mem 0xfd500000-0xfdffffff]
2024-04-29T19:51:13.406033+00:00 ubuntu2404 kernel: pci 0000:00:11.0:   bridge window [mem 0xe7b00000-0xe7ffffff 64bit pref]
2024-04-29T19:51:13.406034+00:00 ubuntu2404 kernel: pci 0000:00:15.0: [15ad:07a0] type 01 class 0x060400 PCIe Root Port
2024-04-29T19:51:13.406034+00:00 ubuntu2404 kernel: pci 0000:00:15.0: PCI bridge to [bus 03]
2024-04-29T19:51:13.406034+00:00 ubuntu2404 kernel: pci 0000:00:15.0:   bridge window [io  0x4000-0x4fff]
2024-04-29T19:51:13.406035+00:00 ubuntu2404 kernel: pci 0000:00:15.0:   bridge window [mem 0xfd400000-0xfd4fffff]
2024-04-29T19:51:13.406035+00:00 ubuntu2404 kernel: pci 0000:00:15.0:   bridge window [mem 0xe7a00000-0xe7afffff 64bit pref]
2024-04-29T19:51:13.406035+00:00 ubuntu2404 kernel: pci 0000:00:15.0: PME# supported from D0 D3hot D3cold
2024-04-29T19:51:13.406042+00:00 ubuntu2404 kernel: pci 0000:00:15.1: [15ad:07a0] type 01 class 0x060400 PCIe Root Port
2024-04-29T19:51:13.406043+00:00 ubuntu2404 kernel: pci 0000:00:15.1: PCI bridge to [bus 04]
2024-04-29T19:51:13.406043+00:00 ubuntu2404 kernel: pci 0000:00:15.1:   bridge window [io  0x8000-0x8fff]
2024-04-29T19:51:13.406043+00:00 ubuntu2404 kernel: pci 0000:00:15.1:   bridge window [mem 0xfd000000-0xfd0fffff]
2024-04-29T19:51:13.406044+00:00 ubuntu2404 kernel: pci 0000:00:15.1:   bridge window [mem 0xe7600000-0xe76fffff 64bit pref]
2024-04-29T19:51:13.406044+00:00 ubuntu2404 kernel: pci 0000:00:15.1: PME# supported from D0 D3hot D3cold
2024-04-29T19:51:13.406048+00:00 ubuntu2404 kernel: pci 0000:00:15.2: [15ad:07a0] type 01 class 0x060400 PCIe Root Port
2024-04-29T19:51:13.406049+00:00 ubuntu2404 kernel: pci 0000:00:15.2: PCI bridge to [bus 05]
2024-04-29T19:51:13.406132+00:00 ubuntu2404 kernel: pci 0000:00:15.2:   bridge window [io  0xc000-0xcfff]
2024-04-29T19:51:13.406133+00:00 ubuntu2404 kernel: pci 0000:00:15.2:   bridge window [mem 0xfcc00000-0xfccfffff]
2024-04-29T19:51:13.406133+00:00 ubuntu2404 kernel: pci 0000:00:15.2:   bridge window [mem 0xe7200000-0xe72fffff 64bit pref]
2024-04-29T19:51:13.406133+00:00 ubuntu2404 kernel: pci 0000:00:15.2: PME# supported from D0 D3hot D3cold
2024-04-29T19:51:13.406138+00:00 ubuntu2404 kernel: pci 0000:00:15.3: [15ad:07a0] type 01 class 0x060400 PCIe Root Port
2024-04-29T19:51:13.406138+00:00 ubuntu2404 kernel: pci 0000:00:15.3: PCI bridge to [bus 06]
2024-04-29T19:51:13.406139+00:00 ubuntu2404 kernel: pci 0000:00:15.3:   bridge window [mem 0xfc800000-0xfc8fffff]
2024-04-29T19:51:13.406139+00:00 ubuntu2404 kernel: pci 0000:00:15.3:   bridge window [mem 0xe6e00000-0xe6efffff 64bit pref]
2024-04-29T19:51:13.406139+00:00 ubuntu2404 kernel: pci 0000:00:15.3: PME# supported from D0 D3hot D3cold
2024-04-29T19:51:13.406140+00:00 ubuntu2404 kernel: pci 0000:00:15.4: [15ad:07a0] type 01 class 0x060400 PCIe Root Port
2024-04-29T19:51:13.406140+00:00 ubuntu2404 kernel: pci 0000:00:15.4: PCI bridge to [bus 07]
2024-04-29T19:51:13.406144+00:00 ubuntu2404 kernel: pci 0000:00:15.4:   bridge window [mem 0xfc400000-0xfc4fffff]
2024-04-29T19:51:13.406145+00:00 ubuntu2404 kernel: pci 0000:00:15.4:   bridge window [mem 0xe6a00000-0xe6afffff 64bit pref]
2024-04-29T19:51:13.406145+00:00 ubuntu2404 kernel: pci 0000:00:15.4: PME# supported from D0 D3hot D3cold
2024-04-29T19:51:13.406146+00:00 ubuntu2404 kernel: pci 0000:00:15.5: [15ad:07a0] type 01 class 0x060400 PCIe Root Port
2024-04-29T19:51:13.406146+00:00 ubuntu2404 kernel: pci 0000:00:15.5: PCI bridge to [bus 08]
2024-04-29T19:51:13.406146+00:00 ubuntu2404 kernel: pci 0000:00:15.5:   bridge window [mem 0xfc000000-0xfc0fffff]
2024-04-29T19:51:13.406151+00:00 ubuntu2404 kernel: pci 0000:00:15.5:   bridge window [mem 0xe6600000-0xe66fffff 64bit pref]
2024-04-29T19:51:13.406151+00:00 ubuntu2404 kernel: pci 0000:00:15.5: PME# supported from D0 D3hot D3cold
2024-04-29T19:51:13.406152+00:00 ubuntu2404 kernel: pci 0000:00:15.6: [15ad:07a0] type 01 class 0x060400 PCIe Root Port
2024-04-29T19:51:13.406152+00:00 ubuntu2404 kernel: pci 0000:00:15.6: PCI bridge to [bus 09]
2024-04-29T19:51:13.406152+00:00 ubuntu2404 kernel: pci 0000:00:15.6:   bridge window [mem 0xfbc00000-0xfbcfffff]
2024-04-29T19:51:13.406153+00:00 ubuntu2404 kernel: pci 0000:00:15.6:   bridge window [mem 0xe6200000-0xe62fffff 64bit pref]
2024-04-29T19:51:13.406153+00:00 ubuntu2404 kernel: pci 0000:00:15.6: PME# supported from D0 D3hot D3cold
2024-04-29T19:51:13.406157+00:00 ubuntu2404 kernel: pci 0000:00:15.7: [15ad:07a0] type 01 class 0x060400 PCIe Root Port
2024-04-29T19:51:13.406158+00:00 ubuntu2404 kernel: pci 0000:00:15.7: PCI bridge to [bus 0a]
2024-04-29T19:51:13.406158+00:00 ubuntu2404 kernel: pci 0000:00:15.7:   bridge window [mem 0xfb800000-0xfb8fffff]
2024-04-29T19:51:13.406159+00:00 ubuntu2404 kernel: pci 0000:00:15.7:   bridge window [mem 0xe5e00000-0xe5efffff 64bit pref]
2024-04-29T19:51:13.406159+00:00 ubuntu2404 kernel: pci 0000:00:15.7: PME# supported from D0 D3hot D3cold
2024-04-29T19:51:13.406159+00:00 ubuntu2404 kernel: pci 0000:00:16.0: [15ad:07a0] type 01 class 0x060400 PCIe Root Port
2024-04-29T19:51:13.406164+00:00 ubuntu2404 kernel: pci 0000:00:16.0: PCI bridge to [bus 0b]
2024-04-29T19:51:13.406164+00:00 ubuntu2404 kernel: pci 0000:00:16.0:   bridge window [io  0x5000-0x5fff]
2024-04-29T19:51:13.406165+00:00 ubuntu2404 kernel: pci 0000:00:16.0:   bridge window [mem 0xfd300000-0xfd3fffff]
2024-04-29T19:51:13.406165+00:00 ubuntu2404 kernel: pci 0000:00:16.0:   bridge window [mem 0xe7900000-0xe79fffff 64bit pref]
2024-04-29T19:51:13.406165+00:00 ubuntu2404 kernel: pci 0000:00:16.0: PME# supported from D0 D3hot D3cold
2024-04-29T19:51:13.406166+00:00 ubuntu2404 kernel: pci 0000:00:16.1: [15ad:07a0] type 01 class 0x060400 PCIe Root Port
2024-04-29T19:51:13.406170+00:00 ubuntu2404 kernel: pci 0000:00:16.1: PCI bridge to [bus 0c]
2024-04-29T19:51:13.406171+00:00 ubuntu2404 kernel: pci 0000:00:16.1:   bridge window [io  0x9000-0x9fff]
2024-04-29T19:51:13.406171+00:00 ubuntu2404 kernel: pci 0000:00:16.1:   bridge window [mem 0xfcf00000-0xfcffffff]
2024-04-29T19:51:13.406171+00:00 ubuntu2404 kernel: pci 0000:00:16.1:   bridge window [mem 0xe7500000-0xe75fffff 64bit pref]
2024-04-29T19:51:13.406172+00:00 ubuntu2404 kernel: pci 0000:00:16.1: PME# supported from D0 D3hot D3cold
2024-04-29T19:51:13.406172+00:00 ubuntu2404 kernel: pci 0000:00:16.2: [15ad:07a0] type 01 class 0x060400 PCIe Root Port
2024-04-29T19:51:13.406172+00:00 ubuntu2404 kernel: pci 0000:00:16.2: PCI bridge to [bus 0d]
2024-04-29T19:51:13.406177+00:00 ubuntu2404 kernel: pci 0000:00:16.2:   bridge window [io  0xd000-0xdfff]
2024-04-29T19:51:13.406177+00:00 ubuntu2404 kernel: pci 0000:00:16.2:   bridge window [mem 0xfcb00000-0xfcbfffff]
2024-04-29T19:51:13.406178+00:00 ubuntu2404 kernel: pci 0000:00:16.2:   bridge window [mem 0xe7100000-0xe71fffff 64bit pref]
2024-04-29T19:51:13.406178+00:00 ubuntu2404 kernel: pci 0000:00:16.2: PME# supported from D0 D3hot D3cold
2024-04-29T19:51:13.406178+00:00 ubuntu2404 kernel: pci 0000:00:16.3: [15ad:07a0] type 01 class 0x060400 PCIe Root Port
2024-04-29T19:51:13.406179+00:00 ubuntu2404 kernel: pci 0000:00:16.3: PCI bridge to [bus 0e]
2024-04-29T19:51:13.406183+00:00 ubuntu2404 kernel: pci 0000:00:16.3:   bridge window [mem 0xfc700000-0xfc7fffff]
2024-04-29T19:51:13.406184+00:00 ubuntu2404 kernel: pci 0000:00:16.3:   bridge window [mem 0xe6d00000-0xe6dfffff 64bit pref]
2024-04-29T19:51:13.406184+00:00 ubuntu2404 kernel: pci 0000:00:16.3: PME# supported from D0 D3hot D3cold
2024-04-29T19:51:13.406184+00:00 ubuntu2404 kernel: pci 0000:00:16.4: [15ad:07a0] type 01 class 0x060400 PCIe Root Port
2024-04-29T19:51:13.406185+00:00 ubuntu2404 kernel: pci 0000:00:16.4: PCI bridge to [bus 0f]
2024-04-29T19:51:13.406185+00:00 ubuntu2404 kernel: pci 0000:00:16.4:   bridge window [mem 0xfc300000-0xfc3fffff]
2024-04-29T19:51:13.406185+00:00 ubuntu2404 kernel: pci 0000:00:16.4:   bridge window [mem 0xe6900000-0xe69fffff 64bit pref]
2024-04-29T19:51:13.406190+00:00 ubuntu2404 kernel: pci 0000:00:16.4: PME# supported from D0 D3hot D3cold
2024-04-29T19:51:13.406190+00:00 ubuntu2404 kernel: pci 0000:00:16.5: [15ad:07a0] type 01 class 0x060400 PCIe Root Port
2024-04-29T19:51:13.406191+00:00 ubuntu2404 kernel: pci 0000:00:16.5: PCI bridge to [bus 10]
2024-04-29T19:51:13.406191+00:00 ubuntu2404 kernel: pci 0000:00:16.5:   bridge window [mem 0xfbf00000-0xfbffffff]
2024-04-29T19:51:13.406191+00:00 ubuntu2404 kernel: pci 0000:00:16.5:   bridge window [mem 0xe6500000-0xe65fffff 64bit pref]
2024-04-29T19:51:13.406192+00:00 ubuntu2404 kernel: pci 0000:00:16.5: PME# supported from D0 D3hot D3cold
2024-04-29T19:51:13.406196+00:00 ubuntu2404 kernel: pci 0000:00:16.6: [15ad:07a0] type 01 class 0x060400 PCIe Root Port
2024-04-29T19:51:13.406197+00:00 ubuntu2404 kernel: pci 0000:00:16.6: PCI bridge to [bus 11]
2024-04-29T19:51:13.406197+00:00 ubuntu2404 kernel: pci 0000:00:16.6:   bridge window [mem 0xfbb00000-0xfbbfffff]
2024-04-29T19:51:13.406197+00:00 ubuntu2404 kernel: pci 0000:00:16.6:   bridge window [mem 0xe6100000-0xe61fffff 64bit pref]
2024-04-29T19:51:13.406198+00:00 ubuntu2404 kernel: pci 0000:00:16.6: PME# supported from D0 D3hot D3cold
2024-04-29T19:51:13.406198+00:00 ubuntu2404 kernel: pci 0000:00:16.7: [15ad:07a0] type 01 class 0x060400 PCIe Root Port
2024-04-29T19:51:13.406202+00:00 ubuntu2404 kernel: pci 0000:00:16.7: PCI bridge to [bus 12]
2024-04-29T19:51:13.406203+00:00 ubuntu2404 kernel: pci 0000:00:16.7:   bridge window [mem 0xfb700000-0xfb7fffff]
2024-04-29T19:51:13.406203+00:00 ubuntu2404 kernel: pci 0000:00:16.7:   bridge window [mem 0xe5d00000-0xe5dfffff 64bit pref]
2024-04-29T19:51:13.406204+00:00 ubuntu2404 kernel: pci 0000:00:16.7: PME# supported from D0 D3hot D3cold
2024-04-29T19:51:13.406204+00:00 ubuntu2404 kernel: pci 0000:00:17.0: [15ad:07a0] type 01 class 0x060400 PCIe Root Port
2024-04-29T19:51:13.406204+00:00 ubuntu2404 kernel: pci 0000:00:17.0: PCI bridge to [bus 13]
2024-04-29T19:51:13.406205+00:00 ubuntu2404 kernel: pci 0000:00:17.0:   bridge window [io  0x6000-0x6fff]
2024-04-29T19:51:13.406209+00:00 ubuntu2404 kernel: pci 0000:00:17.0:   bridge window [mem 0xfd200000-0xfd2fffff]
2024-04-29T19:51:13.406210+00:00 ubuntu2404 kernel: pci 0000:00:17.0:   bridge window [mem 0xe7800000-0xe78fffff 64bit pref]
2024-04-29T19:51:13.406210+00:00 ubuntu2404 kernel: pci 0000:00:17.0: PME# supported from D0 D3hot D3cold
2024-04-29T19:51:13.406210+00:00 ubuntu2404 kernel: pci 0000:00:17.1: [15ad:07a0] type 01 class 0x060400 PCIe Root Port
2024-04-29T19:51:13.406211+00:00 ubuntu2404 kernel: pci 0000:00:17.1: PCI bridge to [bus 14]
2024-04-29T19:51:13.406211+00:00 ubuntu2404 kernel: pci 0000:00:17.1:   bridge window [io  0xa000-0xafff]
2024-04-29T19:51:13.406215+00:00 ubuntu2404 kernel: pci 0000:00:17.1:   bridge window [mem 0xfce00000-0xfcefffff]
2024-04-29T19:51:13.406216+00:00 ubuntu2404 kernel: pci 0000:00:17.1:   bridge window [mem 0xe7400000-0xe74fffff 64bit pref]
2024-04-29T19:51:13.406216+00:00 ubuntu2404 kernel: pci 0000:00:17.1: PME# supported from D0 D3hot D3cold
2024-04-29T19:51:13.406217+00:00 ubuntu2404 kernel: pci 0000:00:17.2: [15ad:07a0] type 01 class 0x060400 PCIe Root Port
2024-04-29T19:51:13.406217+00:00 ubuntu2404 kernel: pci 0000:00:17.2: PCI bridge to [bus 15]
2024-04-29T19:51:13.406217+00:00 ubuntu2404 kernel: pci 0000:00:17.2:   bridge window [io  0xe000-0xefff]
2024-04-29T19:51:13.406218+00:00 ubuntu2404 kernel: pci 0000:00:17.2:   bridge window [mem 0xfca00000-0xfcafffff]
2024-04-29T19:51:13.406224+00:00 ubuntu2404 kernel: pci 0000:00:17.2:   bridge window [mem 0xe7000000-0xe70fffff 64bit pref]
2024-04-29T19:51:13.406225+00:00 ubuntu2404 kernel: pci 0000:00:17.2: PME# supported from D0 D3hot D3cold
2024-04-29T19:51:13.406225+00:00 ubuntu2404 kernel: pci 0000:00:17.3: [15ad:07a0] type 01 class 0x060400 PCIe Root Port
2024-04-29T19:51:13.406226+00:00 ubuntu2404 kernel: pci 0000:00:17.3: PCI bridge to [bus 16]
2024-04-29T19:51:13.406226+00:00 ubuntu2404 kernel: pci 0000:00:17.3:   bridge window [mem 0xfc600000-0xfc6fffff]
2024-04-29T19:51:13.406226+00:00 ubuntu2404 kernel: pci 0000:00:17.3:   bridge window [mem 0xe6c00000-0xe6cfffff 64bit pref]
2024-04-29T19:51:13.406231+00:00 ubuntu2404 kernel: pci 0000:00:17.3: PME# supported from D0 D3hot D3cold
2024-04-29T19:51:13.406231+00:00 ubuntu2404 kernel: pci 0000:00:17.4: [15ad:07a0] type 01 class 0x060400 PCIe Root Port
2024-04-29T19:51:13.406231+00:00 ubuntu2404 kernel: pci 0000:00:17.4: PCI bridge to [bus 17]
2024-04-29T19:51:13.406232+00:00 ubuntu2404 kernel: pci 0000:00:17.4:   bridge window [mem 0xfc200000-0xfc2fffff]
2024-04-29T19:51:13.406232+00:00 ubuntu2404 kernel: pci 0000:00:17.4:   bridge window [mem 0xe6800000-0xe68fffff 64bit pref]
2024-04-29T19:51:13.406233+00:00 ubuntu2404 kernel: pci 0000:00:17.4: PME# supported from D0 D3hot D3cold
2024-04-29T19:51:13.406237+00:00 ubuntu2404 kernel: pci 0000:00:17.5: [15ad:07a0] type 01 class 0x060400 PCIe Root Port
2024-04-29T19:51:13.406238+00:00 ubuntu2404 kernel: pci 0000:00:17.5: PCI bridge to [bus 18]
2024-04-29T19:51:13.406238+00:00 ubuntu2404 kernel: pci 0000:00:17.5:   bridge window [mem 0xfbe00000-0xfbefffff]
2024-04-29T19:51:13.406238+00:00 ubuntu2404 kernel: pci 0000:00:17.5:   bridge window [mem 0xe6400000-0xe64fffff 64bit pref]
2024-04-29T19:51:13.406748+00:00 ubuntu2404 systemd[1]: Started sysstat-summary.timer - Generate summary of yesterday's process accounting.
2024-04-29T19:51:13.406773+00:00 ubuntu2404 systemd[1]: Started systemd-tmpfiles-clean.timer - Daily Cleanup of Temporary Directories.
2024-04-29T19:51:13.406779+00:00 ubuntu2404 systemd[1]: ua-timer.timer - Ubuntu Pro Timer for running repeated jobs was skipped because of an unmet condition check (ConditionPathExists=/var/lib/ubuntu-advantage/private/machine-token.json).
2024-04-29T19:51:13.406783+00:00 ubuntu2404 systemd[1]: Reached target paths.target - Path Units.
2024-04-29T19:51:13.406801+00:00 ubuntu2404 systemd[1]: apport-forward.socket - Unix socket for apport crash forwarding was skipped because of an unmet condition check (ConditionVirtualization=container).
2024-04-29T19:51:13.406819+00:00 ubuntu2404 systemd[1]: Listening on avahi-daemon.socket - Avahi mDNS/DNS-SD Stack Activation Socket.
2024-04-29T19:51:13.406823+00:00 ubuntu2404 systemd[1]: Listening on cloud-init-hotplugd.socket - cloud-init hotplug hook socket.
2024-04-29T19:51:13.406835+00:00 ubuntu2404 systemd[1]: Listening on cups.socket - CUPS Scheduler.
2024-04-29T19:51:13.406839+00:00 ubuntu2404 systemd[1]: Listening on dbus.socket - D-Bus System Message Bus Socket.
2024-04-29T19:51:13.406843+00:00 ubuntu2404 systemd[1]: Starting snapd.socket - Socket activation for snappy daemon...
2024-04-29T19:51:13.406847+00:00 ubuntu2404 systemd[1]: Listening on uuidd.socket - UUID daemon activation socket.
2024-04-29T19:51:13.406851+00:00 ubuntu2404 systemd[1]: systemd-pcrphase-sysinit.service - TPM2 PCR Barrier (Initialization) was skipped because of an unmet condition check (ConditionSecurity=measured-uki).
2024-04-29T19:51:13.406855+00:00 ubuntu2404 systemd[1]: Listening on snapd.socket - Socket activation for snappy daemon.
2024-04-29T19:51:13.406864+00:00 ubuntu2404 systemd[1]: Reached target sockets.target - Socket Units.
2024-04-29T19:51:13.406871+00:00 ubuntu2404 systemd[1]: Reached target basic.target - Basic System.
2024-04-29T19:51:13.406875+00:00 ubuntu2404 systemd[1]: Started anacron.service - Run anacron jobs.
2024-04-29T19:51:13.406879+00:00 ubuntu2404 systemd[1]: Starting apport.service - automatic crash report generation...
2024-04-29T19:51:13.406884+00:00 ubuntu2404 anacron[998]: Anacron 2.3 started on 2024-04-29
2024-04-29T19:51:13.406888+00:00 ubuntu2404 anacron[998]: Will run job `cron.daily' in 5 min.
2024-04-29T19:51:13.406896+00:00 ubuntu2404 systemd[1]: Starting avahi-daemon.service - Avahi mDNS/DNS-SD Stack...
2024-04-29T19:51:13.406900+00:00 ubuntu2404 anacron[998]: Will run job `cron.weekly' in 10 min.
2024-04-29T19:51:13.406904+00:00 ubuntu2404 anacron[998]: Will run job `cron.monthly' in 15 min.
2024-04-29T19:51:13.406908+00:00 ubuntu2404 anacron[998]: Jobs will be executed sequentially
2024-04-29T19:51:13.406912+00:00 ubuntu2404 systemd[1]: Starting dbus.service - D-Bus System Message Bus...
2024-04-29T19:51:13.406915+00:00 ubuntu2404 systemd[1]: Started dmesg.service - Save initial kernel messages after boot.
2024-04-29T19:51:13.406923+00:00 ubuntu2404 avahi-daemon[1000]: Found user 'avahi' (UID 108) and group 'avahi' (GID 111).
2024-04-29T19:51:13.406928+00:00 ubuntu2404 systemd[1]: Starting e2scrub_reap.service - Remove Stale Online ext4 Metadata Check Snapshots...
2024-04-29T19:51:13.406932+00:00 ubuntu2404 systemd[1]: getty-static.service - getty on tty2-tty6 if dbus and logind are not available was skipped because of an unmet condition check (ConditionPathExists=!/usr/bin/dbus-daemon).
2024-04-29T19:51:13.406937+00:00 ubuntu2404 systemd[1]: Reached target getty.target - Login Prompts.
2024-04-29T19:51:13.406941+00:00 ubuntu2404 systemd[1]: Starting gnome-remote-desktop.service - GNOME Remote Desktop...
2024-04-29T19:51:13.406944+00:00 ubuntu2404 dbus-daemon[1001]: dbus[1001]: Unknown group "power" in message bus configuration file
2024-04-29T19:51:13.406953+00:00 ubuntu2404 systemd[1]: Starting gpu-manager.service - Detect the available GPUs and deal with any system changes...
2024-04-29T19:51:13.406958+00:00 ubuntu2404 systemd[1]: Starting grub-common.service - Record successful boot for GRUB...
2024-04-29T19:51:13.406961+00:00 ubuntu2404 dbus-daemon[1001]: [system] AppArmor D-Bus mediation is enabled
2024-04-29T19:51:13.406966+00:00 ubuntu2404 systemd[1]: networkd-dispatcher.service - Dispatcher daemon for systemd-networkd was skipped because no trigger condition checks were met.
2024-04-29T19:51:13.406970+00:00 ubuntu2404 systemd[1]: Starting polkit.service - Authorization Manager...
2024-04-29T19:51:13.406973+00:00 ubuntu2404 systemd[1]: Starting power-profiles-daemon.service - Power Profiles daemon...
2024-04-29T19:51:13.406982+00:00 ubuntu2404 systemd[1]: Starting rsyslog.service - System Logging Service...
2024-04-29T19:51:13.406986+00:00 ubuntu2404 systemd[1]: secureboot-db.service - Secure Boot updates for DB and DBX was skipped because of an unmet condition check (ConditionPathExists=/sys/firmware/efi/efivars/db-d719b2cb-3d3a-4596-a3bc-dad00e67656f).
2024-04-29T19:51:13.406990+00:00 ubuntu2404 systemd[1]: snapd.core-fixup.service - Automatically repair incorrect owner/permissions on core devices was skipped because no trigger condition checks were met.
2024-04-29T19:51:13.406993+00:00 ubuntu2404 systemd[1]: snapd.recovery-chooser-trigger.service - Wait for the Ubuntu Core chooser trigger was skipped because of an unmet condition check (ConditionKernelCommandLine=snapd_recovery_mode).
2024-04-29T19:51:13.406998+00:00 ubuntu2404 systemd[1]: Reached target getty-pre.target - Preparation for Logins.
2024-04-29T19:51:13.407006+00:00 ubuntu2404 systemd[1]: Starting snapd.seeded.service - Wait until snapd is fully seeded...
2024-04-29T19:51:13.407010+00:00 ubuntu2404 systemd[1]: Starting snapd.service - Snap Daemon...
2024-04-29T19:51:13.407014+00:00 ubuntu2404 systemd[1]: Starting ssl-cert.service - Generate snakeoil SSL keypair...
2024-04-29T19:51:13.407017+00:00 ubuntu2404 systemd[1]: sssd.service - System Security Services Daemon was skipped because no trigger condition checks were met.
2024-04-29T19:51:13.407021+00:00 ubuntu2404 systemd[1]: Reached target nss-user-lookup.target - User and Group Name Lookups.
2024-04-29T19:51:13.407026+00:00 ubuntu2404 systemd[1]: sssd-nss.socket: Bound to unit sssd.service, but unit isn't active.
2024-04-29T19:51:13.407034+00:00 ubuntu2404 systemd[1]: Dependency failed for sssd-nss.socket - SSSD NSS Service responder socket.
2024-04-29T19:51:13.407038+00:00 ubuntu2404 systemd[1]: sssd-nss.socket: Job sssd-nss.socket/start failed with result 'dependency'.
2024-04-29T19:51:13.407042+00:00 ubuntu2404 systemd[1]: sssd-autofs.socket: Bound to unit sssd.service, but unit isn't active.
2024-04-29T19:51:13.407046+00:00 ubuntu2404 systemd[1]: Dependency failed for sssd-autofs.socket - SSSD AutoFS Service responder socket.
2024-04-29T19:51:13.407050+00:00 ubuntu2404 systemd[1]: sssd-autofs.socket: Job sssd-autofs.socket/start failed with result 'dependency'.
